[Licensing::Module] Trying to connect to existing licensing client channel...
Built from '6000.3/staging' branch; Version is '6000.3.5f1 (a1ec4b2f2d19) revision 10611787'; Using compiler version '194234433'; Build Type 'Release'
OS: 'Windows 11  (10.0.26200) Core' Language: 'en' Physical Memory: 32062 MB
BatchMode: 1, IsHumanControllingUs: 0, StartBugReporterOnCrash: 0, Is64bit: 1
[Licensing::IpcConnector] Successfully connected to: "LicenseClient-Alise" at "2026-07-25T10:13:54.0976701Z"
System  architecture: x64
Process architecture: x64
Date: 2026-07-25T10:13:54Z

COMMAND LINE ARGUMENTS:
C:\Program Files\Unity\Hub\Editor\6000.3.5f1\Editor\Unity.exe
-adb2
-batchMode
-noUpm
-name
AssetImportWorker5
-projectPath
C:/Users/Alise/Documents/GitHub/Gimbuls-Hole
-logFile
Logs/AssetImportWorker5.log
-srvPort
53213
-licensingIpc
LicenseClient-Alise
-job-worker-count
7
-background-job-worker-count
8
-gc-helper-count
1
-name
AssetImport
Successfully changed project path to: C:/Users/Alise/Documents/GitHub/Gimbuls-Hole
C:/Users/Alise/Documents/GitHub/Gimbuls-Hole
[UnityMemory] Configuration Parameters - Can be set up in boot.config
    "memorysetup-temp-allocator-size-nav-mesh-worker=65536"
    "memorysetup-temp-allocator-size-audio-worker=65536"
    "memorysetup-temp-allocator-size-gfx=262144"
    "memorysetup-allocator-temp-initial-block-size-main=262144"
    "memorysetup-allocator-temp-initial-block-size-worker=262144"
    "memorysetup-temp-allocator-size-background-worker=32768"
    "memorysetup-temp-allocator-size-job-worker=262144"
    "memorysetup-temp-allocator-size-preload-manager=33554432"
    "memorysetup-temp-allocator-size-gi-baking-worker=262144"
    "memorysetup-temp-allocator-size-gi-baking-worker=262144"
    "memorysetup-temp-allocator-size-gi-baking-worker=262144"
    "memorysetup-temp-allocator-size-gi-baking-worker=262144"
    "memorysetup-temp-allocator-size-gi-baking-worker=262144"
    "memorysetup-bucket-allocator-granularity=16"
    "memorysetup-bucket-allocator-bucket-count=8"
    "memorysetup-bucket-allocator-block-size=33554432"
    "memorysetup-bucket-allocator-block-count=8"
    "memorysetup-main-allocator-block-size=16777216"
    "memorysetup-thread-allocator-block-size=16777216"
    "memorysetup-gfx-main-allocator-block-size=16777216"
    "memorysetup-gfx-thread-allocator-block-size=16777216"
    "memorysetup-cache-allocator-block-size=4194304"
    "memorysetup-typetree-allocator-block-size=2097152"
    "memorysetup-profiler-bucket-allocator-granularity=16"
    "memorysetup-profiler-bucket-allocator-bucket-count=8"
    "memorysetup-profiler-bucket-allocator-block-size=33554432"
    "memorysetup-profiler-bucket-allocator-block-count=8"
    "memorysetup-profiler-allocator-block-size=16777216"
    "memorysetup-profiler-editor-allocator-block-size=1048576"
    "memorysetup-temp-allocator-size-main=16777216"
    "memorysetup-job-temp-allocator-block-size=2097152"
    "memorysetup-job-temp-allocator-block-size-background=1048576"
    "memorysetup-job-temp-allocator-reduction-small-platforms=262144"
    "memorysetup-temp-allocator-size-cloud-worker=32768"
Player connection [40744]  Target information:

Player connection [40744]  * "[IP] 192.168.56.1 [Port] 0 [Flags] 2 [Guid] 1767417100 [EditorId] 1767417100 [Version] 1048832 [Id] WindowsEditor(7,TheWhoreTop) [Debug] 1 [PackageName] WindowsEditor [ProjectName] Editor" 

Player connection [40744]  * "[IP] 10.126.207.53 [Port] 0 [Flags] 2 [Guid] 1767417100 [EditorId] 1767417100 [Version] 1048832 [Id] WindowsEditor(7,TheWhoreTop) [Debug] 1 [PackageName] WindowsEditor [ProjectName] Editor" 

Player connection [40744] Host joined multi-casting on [225.0.0.222:54997]...
Player connection [40744] Host joined alternative multi-casting on [225.0.0.222:34997]...
JobSystem: Creating JobQueue using job-worker-count value 7
Input System module state changed to: Initialized.
[Physics::Module] Initialized fallback backend.
[Physics::Module] Id: 0xdecafbad
Library Redirect Path: Library/
[Physics::Module] Selected backend.
[Physics::Module] Name: PhysX
[Physics::Module] Id: 0xf2b8ea05
[Physics::Module] SDK Version: 4.1.2
[Physics::Module] Integration Version: 1.0.0
[Physics::Module] Threading Mode: Multi-Threaded
Refreshing native plugins compatible for Editor in 4.41 ms, found 4 plugins.
Preloading 0 native plugins for Editor in 0.00 ms.
Initialize engine version: 6000.3.5f1 (a1ec4b2f2d19)
[Subsystems] Discovering subsystems at path C:/Program Files/Unity/Hub/Editor/6000.3.5f1/Editor/Data/Resources/UnitySubsystems
[Subsystems] Discovering subsystems at path C:/Users/Alise/Documents/GitHub/Gimbuls-Hole/Assets
GfxDevice: creating device client; kGfxThreadingModeNonThreaded
Direct3D:
    Version:  Direct3D 11.0 [level 11.1]
    Renderer: NVIDIA GeForce RTX 4060 Laptop GPU (ID=0x28a0)
    Vendor:   NVIDIA
    VRAM:     7956 MB
    Driver:   32.0.15.9282
Initialize mono
Mono path[0] = 'C:/Program Files/Unity/Hub/Editor/6000.3.5f1/Editor/Data/Managed'
Mono path[1] = 'C:/Program Files/Unity/Hub/Editor/6000.3.5f1/Editor/Data/MonoBleedingEdge/lib/mono/unityjit-win32'
Mono config path = 'C:/Program Files/Unity/Hub/Editor/6000.3.5f1/Editor/Data/MonoBleedingEdge/etc'
Using monoOptions --debugger-agent=transport=dt_socket,embedding=1,server=y,suspend=n,address=127.0.0.1:56692
Begin MonoManager ReloadAssembly
Registering precompiled unity dll's ...
Register platform support module: C:/Program Files/Unity/Hub/Editor/6000.3.5f1/Editor/Data/PlaybackEngines/WindowsStandaloneSupport/UnityEditor.WindowsStandalone.Extensions.dll
Registered in 0.002043 seconds.
- Loaded All Assemblies, in  0.380 seconds
[Licensing::Client] Handshaking with LicensingClient:
  Version:                 1.17.4+4293ba1
  Session Id:              001b80378b554af19505204799be9dce
  Correlation Id:          440ca784c24f91ec6629f5741c1df504
  External correlation Id: 3037410455376426840
  Machine Id:              R0HC1QEXOiqXJcNZaKyMCbhiWAw=
[Licensing::Module] Successfully connected to LicensingClient on channel: "LicenseClient-Alise" (connect: 0.00s, validation: 0.00s, handshake: 1.07s)
[Licensing::IpcConnector] Successfully connected to: "LicenseClient-Alise-notifications" at "2026-07-25T10:13:55.1692327Z"
[Licensing::Module] Licensing Background thread has ended after 1.07s
Native extension for WindowsStandalone target not found
ScheduleIndexationOnStartup MainProcess:False IndexOnStartup:True
Mono: successfully reloaded assembly
- Finished resetting the current domain, in  0.366 seconds
Domain Reload Profiling: 742ms
	BeginReloadAssembly (128ms)
		ExecutionOrderSort (0ms)
		DisableScriptedObjects (0ms)
		BackupInstance (0ms)
		ReleaseScriptingObjects (0ms)
		CreateAndSetChildDomain (1ms)
	RebuildCommonClasses (34ms)
	RebuildNativeTypeToScriptingClass (12ms)
	initialDomainReloadingComplete (44ms)
	LoadAllAssembliesAndSetupDomain (158ms)
		LoadAssemblies (124ms)
		RebuildTransferFunctionScriptingTraits (0ms)
		AnalyzeDomain (155ms)
			TypeCache.Refresh (154ms)
				TypeCache.ScanAssembly (141ms)
			BuildScriptInfoCaches (0ms)
			ResolveRequiredComponents (0ms)
	FinalizeReload (366ms)
		ReleaseScriptCaches (0ms)
		RebuildScriptCaches (0ms)
		SetupLoadedEditorAssemblies (318ms)
			LogAssemblyErrors (0ms)
			InitializePlatformSupportModulesInManaged (47ms)
			SetLoadedEditorAssemblies (4ms)
			BeforeProcessingInitializeOnLoad (76ms)
			ProcessInitializeOnLoadAttributes (136ms)
			ProcessInitializeOnLoadMethodAttributes (54ms)
			AfterProcessingInitializeOnLoad (0ms)
			EditorAssembliesLoaded (0ms)
		ExecutionOrderSort2 (0ms)
		AwakeInstancesAfterBackupRestoration (0ms)
========================================================================
Worker process is ready to serve import requests
Import Worker Mode flag is 0x00
Begin MonoManager ReloadAssembly
[Licensing::Client] Successfully resolved entitlement details
[Licensing::Module] License group:
  Id: 5772950962283-UnityPersXXXX
  Product: Unity Personal
  Type: Assigned
  Expiration: Unlimited
- Loaded All Assemblies, in  0.708 seconds
Refreshing native plugins compatible for Editor in 1.45 ms, found 4 plugins.
Native extension for WindowsStandalone target not found
Package Manager log level set to [2]
[Package Manager] Failed to launch server process. Reason: Unity was launched with the -noUpm command-line argument
[Package Manager] Unable to send message (not connected to server process).
[Package Manager] Cannot connect to Unity Package Manager local server
ScheduleIndexationOnStartup MainProcess:False IndexOnStartup:True
Mono: successfully reloaded assembly
- Finished resetting the current domain, in  0.702 seconds
Domain Reload Profiling: 1405ms
	BeginReloadAssembly (161ms)
		ExecutionOrderSort (0ms)
		DisableScriptedObjects (5ms)
		BackupInstance (0ms)
		ReleaseScriptingObjects (0ms)
		CreateAndSetChildDomain (37ms)
	RebuildCommonClasses (27ms)
	RebuildNativeTypeToScriptingClass (10ms)
	initialDomainReloadingComplete (31ms)
	LoadAllAssembliesAndSetupDomain (473ms)
		LoadAssemblies (328ms)
		RebuildTransferFunctionScriptingTraits (0ms)
		AnalyzeDomain (226ms)
			TypeCache.Refresh (158ms)
				TypeCache.ScanAssembly (147ms)
			BuildScriptInfoCaches (57ms)
			ResolveRequiredComponents (7ms)
	FinalizeReload (703ms)
		ReleaseScriptCaches (0ms)
		RebuildScriptCaches (0ms)
		SetupLoadedEditorAssemblies (577ms)
			LogAssemblyErrors (0ms)
			InitializePlatformSupportModulesInManaged (2ms)
			SetLoadedEditorAssemblies (4ms)
			BeforeProcessingInitializeOnLoad (131ms)
			ProcessInitializeOnLoadAttributes (332ms)
			ProcessInitializeOnLoadMethodAttributes (104ms)
			AfterProcessingInitializeOnLoad (6ms)
			EditorAssembliesLoaded (0ms)
		ExecutionOrderSort2 (0ms)
		AwakeInstancesAfterBackupRestoration (5ms)
Launched and connected shader compiler UnityShaderCompiler.exe after 0.01 seconds
Refreshing native plugins compatible for Editor in 1.50 ms, found 4 plugins.
Preloading 0 native plugins for Editor in 0.00 ms.
Unloading 16 Unused Serialized files (Serialized files now loaded: 0)
Unloading 6911 unused Assets / (4.8 MB). Loaded Objects now: 7729.
Memory consumption went from 158.2 MB to 153.4 MB.
Total: 9.229500 ms (FindLiveObjects: 0.769600 ms CreateObjectMapping: 0.556800 ms MarkObjects: 5.414100 ms  DeleteObjects: 2.488000 ms)

========================================================================
Received Import Request.
  Time since last request: 5473.825033 seconds.
  path: Assets/Assets/TileSets/assets_1.asset
  artifactKey: Guid(23b7e6c217ca8c24aac821806e91c77d) Importer(815301076,1909f56bfc062723c751e8b465ee728b)
Start importing Assets/Assets/TileSets/assets_1.asset using Guid(23b7e6c217ca8c24aac821806e91c77d) Importer(815301076,1909f56bfc062723c751e8b465ee728b) (PreviewImporter) -> (artifact id: '3c6bb0edc6276e94ad84b38346e5bad6') in 0.0724805 seconds
Number of updated asset objects reloaded before import = 0Number of asset objects unloaded after import = 3

========================================================================
Received Import Request.
  Time since last request: 0.000018 seconds.
  path: Assets/Assets/TileSets/assets_3.asset
  artifactKey: Guid(27733f3fb3003e047aac1161839c14f7) Importer(815301076,1909f56bfc062723c751e8b465ee728b)
Start importing Assets/Assets/TileSets/assets_3.asset using Guid(27733f3fb3003e047aac1161839c14f7) Importer(815301076,1909f56bfc062723c751e8b465ee728b) (PreviewImporter) -> (artifact id: '42c6d636ce2f37ec6b003c5853246ab5') in 0.0187832 seconds
Number of updated asset objects reloaded before import = 0Number of asset objects unloaded after import = 3

========================================================================
Received Import Request.
  Time since last request: 0.000032 seconds.
  path: Assets/Assets/TileSets/assets_34.asset
  artifactKey: Guid(1e817bf456aa6e4499c908b16823b9e8) Importer(815301076,1909f56bfc062723c751e8b465ee728b)
Start importing Assets/Assets/TileSets/assets_34.asset using Guid(1e817bf456aa6e4499c908b16823b9e8) Importer(815301076,1909f56bfc062723c751e8b465ee728b) (PreviewImporter) -> (artifact id: '356bb6009278776e65cc32cd94a19959') in 0.0061065 seconds
Number of updated asset objects reloaded before import = 0Number of asset objects unloaded after import = 3

========================================================================
Received Import Request.
  Time since last request: 0.000023 seconds.
  path: Assets/Assets/TileSets/assets_33.asset
  artifactKey: Guid(1fb0d39eaac2e0a4b966c5161511da61) Importer(815301076,1909f56bfc062723c751e8b465ee728b)
Start importing Assets/Assets/TileSets/assets_33.asset using Guid(1fb0d39eaac2e0a4b966c5161511da61) Importer(815301076,1909f56bfc062723c751e8b465ee728b) (PreviewImporter) -> (artifact id: '0ff7478d2d9c1b829c87d43082d46beb') in 0.0073337 seconds
Number of updated asset objects reloaded before import = 0Number of asset objects unloaded after import = 3

========================================================================
Received Import Request.
  Time since last request: 0.000026 seconds.
  path: Assets/Assets/TileSets/assets_5.asset
  artifactKey: Guid(5176b66b2d2a56e4092b34261a845b89) Importer(815301076,1909f56bfc062723c751e8b465ee728b)
Start importing Assets/Assets/TileSets/assets_5.asset using Guid(5176b66b2d2a56e4092b34261a845b89) Importer(815301076,1909f56bfc062723c751e8b465ee728b) (PreviewImporter) -> (artifact id: '6ae48cf65d9e9e8b65ea817833bd654a') in 0.0154117 seconds
Number of updated asset objects reloaded before import = 0Number of asset objects unloaded after import = 3

========================================================================
Received Import Request.
  Time since last request: 0.000017 seconds.
  path: Assets/Assets/TileSets/assets_19.asset
  artifactKey: Guid(3a6e2e3f95b3a71448b1ff1c72ba48ae) Importer(815301076,1909f56bfc062723c751e8b465ee728b)
Start importing Assets/Assets/TileSets/assets_19.asset using Guid(3a6e2e3f95b3a71448b1ff1c72ba48ae) Importer(815301076,1909f56bfc062723c751e8b465ee728b) (PreviewImporter) -> (artifact id: '61573b068c43ec00531f94a5df4c9174') in 0.0179805 seconds
Number of updated asset objects reloaded before import = 0Number of asset objects unloaded after import = 3

========================================================================
Received Import Request.
  Time since last request: 0.000016 seconds.
  path: Assets/Assets/TileSets/assets_41.asset
  artifactKey: Guid(ba2a1b97ccdd3d84b93e2e158235d787) Importer(815301076,1909f56bfc062723c751e8b465ee728b)
Start importing Assets/Assets/TileSets/assets_41.asset using Guid(ba2a1b97ccdd3d84b93e2e158235d787) Importer(815301076,1909f56bfc062723c751e8b465ee728b) (PreviewImporter) -> (artifact id: '85b24408b46eaa404ae1ac39eb980e9d') in 0.0188516 seconds
Number of updated asset objects reloaded before import = 0Number of asset objects unloaded after import = 3

========================================================================
Received Import Request.
  Time since last request: 0.000021 seconds.
  path: Assets/Assets/TileSets/assets_20.asset
  artifactKey: Guid(8d976fbade333004bb31e295fd520e7f) Importer(815301076,1909f56bfc062723c751e8b465ee728b)
Start importing Assets/Assets/TileSets/assets_20.asset using Guid(8d976fbade333004bb31e295fd520e7f) Importer(815301076,1909f56bfc062723c751e8b465ee728b) (PreviewImporter) -> (artifact id: '1b51aaab3497e6094123c10073f7cfd6') in 0.0152493 seconds
Number of updated asset objects reloaded before import = 0Number of asset objects unloaded after import = 3

========================================================================
Received Import Request.
  Time since last request: 0.000032 seconds.
  path: Assets/Assets/TileSets/assets_21.asset
  artifactKey: Guid(e19b707b2244ee346a505874680daa2a) Importer(815301076,1909f56bfc062723c751e8b465ee728b)
Start importing Assets/Assets/TileSets/assets_21.asset using Guid(e19b707b2244ee346a505874680daa2a) Importer(815301076,1909f56bfc062723c751e8b465ee728b) (PreviewImporter) -> (artifact id: '4f9284a5bf60cdc2eafa288175d6c0de') in 0.0204182 seconds
Number of updated asset objects reloaded before import = 0Number of asset objects unloaded after import = 3

========================================================================
Received Import Request.
  Time since last request: 0.000020 seconds.
  path: Assets/Assets/TileSets/assets_40.asset
  artifactKey: Guid(9b62f2def61f2e949933b489150f41c8) Importer(815301076,1909f56bfc062723c751e8b465ee728b)
Start importing Assets/Assets/TileSets/assets_40.asset using Guid(9b62f2def61f2e949933b489150f41c8) Importer(815301076,1909f56bfc062723c751e8b465ee728b) (PreviewImporter) -> (artifact id: '4379d613bce2b759962f7977673b4e8b') in 0.0196498 seconds
Number of updated asset objects reloaded before import = 0Number of asset objects unloaded after import = 3

========================================================================
Received Import Request.
  Time since last request: 0.000017 seconds.
  path: Assets/Assets/TileSets/assets_14.asset
  artifactKey: Guid(377ee70a270572142875c03f50278c5b) Importer(815301076,1909f56bfc062723c751e8b465ee728b)
Start importing Assets/Assets/TileSets/assets_14.asset using Guid(377ee70a270572142875c03f50278c5b) Importer(815301076,1909f56bfc062723c751e8b465ee728b) (PreviewImporter) -> (artifact id: '1a283e022b091172e901db4620578b05') in 0.0179796 seconds
Number of updated asset objects reloaded before import = 0Number of asset objects unloaded after import = 3

========================================================================
Received Import Request.
  Time since last request: 0.000023 seconds.
  path: Assets/Assets/TileSets/assets_31.asset
  artifactKey: Guid(fa5cbb730a97ae549b33fc37fcba86d0) Importer(815301076,1909f56bfc062723c751e8b465ee728b)
Start importing Assets/Assets/TileSets/assets_31.asset using Guid(fa5cbb730a97ae549b33fc37fcba86d0) Importer(815301076,1909f56bfc062723c751e8b465ee728b) (PreviewImporter) -> (artifact id: '4d6c2aab53302ea3d37be91edf89e7e2') in 0.016692 seconds
Number of updated asset objects reloaded before import = 0Number of asset objects unloaded after import = 3

========================================================================
Received Import Request.
  Time since last request: 0.000021 seconds.
  path: Assets/Assets/TileSets/assets_32.asset
  artifactKey: Guid(cae6b4a3aebda2740839f60f78ca2b38) Importer(815301076,1909f56bfc062723c751e8b465ee728b)
Start importing Assets/Assets/TileSets/assets_32.asset using Guid(cae6b4a3aebda2740839f60f78ca2b38) Importer(815301076,1909f56bfc062723c751e8b465ee728b) (PreviewImporter) -> (artifact id: '0a85fd1205cec12bb4061e940d99b7b3') in 0.0162411 seconds
Number of updated asset objects reloaded before import = 0Number of asset objects unloaded after import = 3

========================================================================
Received Import Request.
  Time since last request: 0.000030 seconds.
  path: Assets/Assets/TileSets/assets_39.asset
  artifactKey: Guid(79055d5629e900d468c44d019a83fa1d) Importer(815301076,1909f56bfc062723c751e8b465ee728b)
Start importing Assets/Assets/TileSets/assets_39.asset using Guid(79055d5629e900d468c44d019a83fa1d) Importer(815301076,1909f56bfc062723c751e8b465ee728b) (PreviewImporter) -> (artifact id: 'ee963ee40458e36264b53b55d31ca012') in 0.0164566 seconds
Number of updated asset objects reloaded before import = 0Number of asset objects unloaded after import = 3

========================================================================
Received Import Request.
  Time since last request: 0.000022 seconds.
  path: Assets/Assets/TileSets/assets_17.asset
  artifactKey: Guid(886c15832ac560842a2c65bf41e2a1f4) Importer(815301076,1909f56bfc062723c751e8b465ee728b)
Start importing Assets/Assets/TileSets/assets_17.asset using Guid(886c15832ac560842a2c65bf41e2a1f4) Importer(815301076,1909f56bfc062723c751e8b465ee728b) (PreviewImporter) -> (artifact id: 'e04d7f198d303930141eb949d9fffcef') in 0.0149815 seconds
Number of updated asset objects reloaded before import = 0Number of asset objects unloaded after import = 3

========================================================================
Received Import Request.
  Time since last request: 0.000025 seconds.
  path: Assets/Assets/TileSets/assets_43.asset
  artifactKey: Guid(18fcb0255efd33b46a52f29f10e92a05) Importer(815301076,1909f56bfc062723c751e8b465ee728b)
Start importing Assets/Assets/TileSets/assets_43.asset using Guid(18fcb0255efd33b46a52f29f10e92a05) Importer(815301076,1909f56bfc062723c751e8b465ee728b) (PreviewImporter) -> (artifact id: '915722a6eae54fe34ca239908023c208') in 0.0156928 seconds
Number of updated asset objects reloaded before import = 0Number of asset objects unloaded after import = 3

========================================================================
Received Import Request.
  Time since last request: 0.000019 seconds.
  path: Assets/Assets/TileSets/assets_23.asset
  artifactKey: Guid(cb9b84a44ecb911498eb811d3f249176) Importer(815301076,1909f56bfc062723c751e8b465ee728b)
Start importing Assets/Assets/TileSets/assets_23.asset using Guid(cb9b84a44ecb911498eb811d3f249176) Importer(815301076,1909f56bfc062723c751e8b465ee728b) (PreviewImporter) -> (artifact id: '4eb959a48743116e0cea13c3183bb124') in 0.0138342 seconds
Number of updated asset objects reloaded before import = 0Number of asset objects unloaded after import = 3

========================================================================
Received Import Request.
  Time since last request: 0.000021 seconds.
  path: Assets/Assets/TileSets/assets_30.asset
  artifactKey: Guid(613b6de0efcc7a646b781dd16da5b183) Importer(815301076,1909f56bfc062723c751e8b465ee728b)
Start importing Assets/Assets/TileSets/assets_30.asset using Guid(613b6de0efcc7a646b781dd16da5b183) Importer(815301076,1909f56bfc062723c751e8b465ee728b) (PreviewImporter) -> (artifact id: '8c8633c4fbe45575ad96516bb1c82fc4') in 0.0157379 seconds
Number of updated asset objects reloaded before import = 0Number of asset objects unloaded after import = 3

========================================================================
Received Import Request.
  Time since last request: 0.000018 seconds.
  path: Assets/Assets/TileSets/assets_44.asset
  artifactKey: Guid(31fba31784c19034987689880a425db2) Importer(815301076,1909f56bfc062723c751e8b465ee728b)
Start importing Assets/Assets/TileSets/assets_44.asset using Guid(31fba31784c19034987689880a425db2) Importer(815301076,1909f56bfc062723c751e8b465ee728b) (PreviewImporter) -> (artifact id: '5069b0d375a7d2d1449e3c57114b3b5e') in 0.0165943 seconds
Number of updated asset objects reloaded before import = 0Number of asset objects unloaded after import = 3

========================================================================
Received Import Request.
  Time since last request: 0.000026 seconds.
  path: Assets/Assets/TileSets/assets_9.asset
  artifactKey: Guid(271965d01427a824081e2c68a1f333b6) Importer(815301076,1909f56bfc062723c751e8b465ee728b)
Start importing Assets/Assets/TileSets/assets_9.asset using Guid(271965d01427a824081e2c68a1f333b6) Importer(815301076,1909f56bfc062723c751e8b465ee728b) (PreviewImporter) -> (artifact id: 'e89ffe12c92e879760d6f4770458731b') in 0.0167729 seconds
Number of updated asset objects reloaded before import = 0Number of asset objects unloaded after import = 3

========================================================================
Received Import Request.
  Time since last request: 0.000018 seconds.
  path: Assets/Assets/TileSets/assets_27.asset
  artifactKey: Guid(38e2a18c0ea0caf46adb7befad46a891) Importer(815301076,1909f56bfc062723c751e8b465ee728b)
Start importing Assets/Assets/TileSets/assets_27.asset using Guid(38e2a18c0ea0caf46adb7befad46a891) Importer(815301076,1909f56bfc062723c751e8b465ee728b) (PreviewImporter) -> (artifact id: 'd01fe1210f99eea7679014285ec6f10a') in 0.0145567 seconds
Number of updated asset objects reloaded before import = 0Number of asset objects unloaded after import = 3

========================================================================
Received Import Request.
  Time since last request: 0.000017 seconds.
  path: Assets/Assets/TileSets/assets_16.asset
  artifactKey: Guid(fcc78cb4aa302d2409f2e0c46f10d7c4) Importer(815301076,1909f56bfc062723c751e8b465ee728b)
Start importing Assets/Assets/TileSets/assets_16.asset using Guid(fcc78cb4aa302d2409f2e0c46f10d7c4) Importer(815301076,1909f56bfc062723c751e8b465ee728b) (PreviewImporter) -> (artifact id: '0fe11cd1cee703a9c130d4b1a4c93cc0') in 0.0153506 seconds
Number of updated asset objects reloaded before import = 0Number of asset objects unloaded after import = 3

========================================================================
Received Import Request.
  Time since last request: 0.000018 seconds.
  path: Assets/Assets/TileSets/assets_29.asset
  artifactKey: Guid(cace1edb22c9275448a7fdc0021f36ac) Importer(815301076,1909f56bfc062723c751e8b465ee728b)
Start importing Assets/Assets/TileSets/assets_29.asset using Guid(cace1edb22c9275448a7fdc0021f36ac) Importer(815301076,1909f56bfc062723c751e8b465ee728b) (PreviewImporter) -> (artifact id: '1cf5eefcfd11b3af0c55e430de465f3a') in 0.0154632 seconds
Number of updated asset objects reloaded before import = 0Number of asset objects unloaded after import = 3

========================================================================
Received Prepare
Begin MonoManager ReloadAssembly
[Licensing::Client] Successfully resolved entitlement details
- Loaded All Assemblies, in  0.644 seconds
Refreshing native plugins compatible for Editor in 1.33 ms, found 4 plugins.
Native extension for WindowsStandalone target not found
[Package Manager] Failed to launch server process. Reason: Unity was launched with the -noUpm command-line argument
[Package Manager] Unable to send message (not connected to server process).
[Package Manager] Cannot connect to Unity Package Manager local server
ScheduleIndexationOnStartup MainProcess:False IndexOnStartup:True
Mono: successfully reloaded assembly
- Finished resetting the current domain, in  0.659 seconds
Domain Reload Profiling: 1303ms
	BeginReloadAssembly (207ms)
		ExecutionOrderSort (0ms)
		DisableScriptedObjects (12ms)
		BackupInstance (0ms)
		ReleaseScriptingObjects (0ms)
		CreateAndSetChildDomain (57ms)
	RebuildCommonClasses (29ms)
	RebuildNativeTypeToScriptingClass (10ms)
	initialDomainReloadingComplete (24ms)
	LoadAllAssembliesAndSetupDomain (373ms)
		LoadAssemblies (292ms)
		RebuildTransferFunctionScriptingTraits (0ms)
		AnalyzeDomain (166ms)
			TypeCache.Refresh (5ms)
				TypeCache.ScanAssembly (0ms)
			BuildScriptInfoCaches (150ms)
			ResolveRequiredComponents (8ms)
	FinalizeReload (660ms)
		ReleaseScriptCaches (0ms)
		RebuildScriptCaches (0ms)
		SetupLoadedEditorAssemblies (527ms)
			LogAssemblyErrors (0ms)
			InitializePlatformSupportModulesInManaged (2ms)
			SetLoadedEditorAssemblies (3ms)
			BeforeProcessingInitializeOnLoad (139ms)
			ProcessInitializeOnLoadAttributes (316ms)
			ProcessInitializeOnLoadMethodAttributes (62ms)
			AfterProcessingInitializeOnLoad (5ms)
			EditorAssembliesLoaded (0ms)
		ExecutionOrderSort2 (0ms)
		AwakeInstancesAfterBackupRestoration (12ms)
Refreshing native plugins compatible for Editor in 1.79 ms, found 4 plugins.
Preloading 0 native plugins for Editor in 0.00 ms.
Unloading 16 Unused Serialized files (Serialized files now loaded: 0)
Unloading 6909 unused Assets / (4.4 MB). Loaded Objects now: 7740.
Memory consumption went from 159.8 MB to 155.4 MB.
Total: 10.585500 ms (FindLiveObjects: 0.792300 ms CreateObjectMapping: 0.723200 ms MarkObjects: 6.109600 ms  DeleteObjects: 2.958500 ms)

Prepare: number of updated asset objects reloaded= 0
========================================================================
Received Prepare
Begin MonoManager ReloadAssembly
- Loaded All Assemblies, in  0.622 seconds
Refreshing native plugins compatible for Editor in 1.39 ms, found 4 plugins.
Native extension for WindowsStandalone target not found
[Package Manager] Failed to launch server process. Reason: Unity was launched with the -noUpm command-line argument
[Package Manager] Unable to send message (not connected to server process).
[Package Manager] Cannot connect to Unity Package Manager local server
ScheduleIndexationOnStartup MainProcess:False IndexOnStartup:True
Mono: successfully reloaded assembly
- Finished resetting the current domain, in  0.645 seconds
Domain Reload Profiling: 1267ms
	BeginReloadAssembly (191ms)
		ExecutionOrderSort (0ms)
		DisableScriptedObjects (12ms)
		BackupInstance (0ms)
		ReleaseScriptingObjects (0ms)
		CreateAndSetChildDomain (50ms)
	RebuildCommonClasses (30ms)
	RebuildNativeTypeToScriptingClass (11ms)
	initialDomainReloadingComplete (24ms)
	LoadAllAssembliesAndSetupDomain (365ms)
		LoadAssemblies (287ms)
		RebuildTransferFunctionScriptingTraits (0ms)
		AnalyzeDomain (158ms)
			TypeCache.Refresh (5ms)
				TypeCache.ScanAssembly (0ms)
			BuildScriptInfoCaches (141ms)
			ResolveRequiredComponents (8ms)
	FinalizeReload (646ms)
		ReleaseScriptCaches (0ms)
		RebuildScriptCaches (0ms)
		SetupLoadedEditorAssemblies (514ms)
			LogAssemblyErrors (0ms)
			InitializePlatformSupportModulesInManaged (2ms)
			SetLoadedEditorAssemblies (3ms)
			BeforeProcessingInitializeOnLoad (128ms)
			ProcessInitializeOnLoadAttributes (302ms)
			ProcessInitializeOnLoadMethodAttributes (75ms)
			AfterProcessingInitializeOnLoad (5ms)
			EditorAssembliesLoaded (0ms)
		ExecutionOrderSort2 (0ms)
		AwakeInstancesAfterBackupRestoration (14ms)
Refreshing native plugins compatible for Editor in 2.01 ms, found 4 plugins.
Preloading 0 native plugins for Editor in 0.00 ms.
Unloading 16 Unused Serialized files (Serialized files now loaded: 0)
Unloading 6909 unused Assets / (4.6 MB). Loaded Objects now: 7743.
Memory consumption went from 159.9 MB to 155.3 MB.
Total: 10.969000 ms (FindLiveObjects: 0.801100 ms CreateObjectMapping: 0.859800 ms MarkObjects: 6.520500 ms  DeleteObjects: 2.786100 ms)

Prepare: number of updated asset objects reloaded= 0
