[Licensing::Module] Trying to connect to existing licensing client channel...
Built from '6000.3/staging' branch; Version is '6000.3.5f1 (a1ec4b2f2d19) revision 10611787'; Using compiler version '194234433'; Build Type 'Release'
OS: 'Windows 11  (10.0.26200) Core' Language: 'en' Physical Memory: 32062 MB
[Licensing::IpcConnector] Successfully connected to: "LicenseClient-Alise" at "2026-07-25T09:32:17.2214938Z"
BatchMode: 1, IsHumanControllingUs: 0, StartBugReporterOnCrash: 0, Is64bit: 1
System  architecture: x64
Process architecture: x64
Date: 2026-07-25T09:32:17Z

COMMAND LINE ARGUMENTS:
C:\Program Files\Unity\Hub\Editor\6000.3.5f1\Editor\Unity.exe
-adb2
-batchMode
-noUpm
-name
AssetImportWorker2
-projectPath
C:/Users/Alise/Documents/GitHub/Gimbuls-Hole
-logFile
Logs/AssetImportWorker2.log
-srvPort
53213
-licensingIpc
LicenseClient-Alise
-job-worker-count
7
-background-job-worker-count
8
-gc-helper-count
1
-name
AssetImport
Successfully changed project path to: C:/Users/Alise/Documents/GitHub/Gimbuls-Hole
C:/Users/Alise/Documents/GitHub/Gimbuls-Hole
[UnityMemory] Configuration Parameters - Can be set up in boot.config
    "memorysetup-temp-allocator-size-nav-mesh-worker=65536"
    "memorysetup-temp-allocator-size-audio-worker=65536"
    "memorysetup-temp-allocator-size-gfx=262144"
    "memorysetup-allocator-temp-initial-block-size-main=262144"
    "memorysetup-allocator-temp-initial-block-size-worker=262144"
    "memorysetup-temp-allocator-size-background-worker=32768"
    "memorysetup-temp-allocator-size-job-worker=262144"
    "memorysetup-temp-allocator-size-preload-manager=33554432"
    "memorysetup-temp-allocator-size-gi-baking-worker=262144"
    "memorysetup-temp-allocator-size-gi-baking-worker=262144"
    "memorysetup-temp-allocator-size-gi-baking-worker=262144"
    "memorysetup-temp-allocator-size-gi-baking-worker=262144"
    "memorysetup-temp-allocator-size-gi-baking-worker=262144"
    "memorysetup-bucket-allocator-granularity=16"
    "memorysetup-bucket-allocator-bucket-count=8"
    "memorysetup-bucket-allocator-block-size=33554432"
    "memorysetup-bucket-allocator-block-count=8"
    "memorysetup-main-allocator-block-size=16777216"
    "memorysetup-thread-allocator-block-size=16777216"
    "memorysetup-gfx-main-allocator-block-size=16777216"
    "memorysetup-gfx-thread-allocator-block-size=16777216"
    "memorysetup-cache-allocator-block-size=4194304"
    "memorysetup-typetree-allocator-block-size=2097152"
    "memorysetup-profiler-bucket-allocator-granularity=16"
    "memorysetup-profiler-bucket-allocator-bucket-count=8"
    "memorysetup-profiler-bucket-allocator-block-size=33554432"
    "memorysetup-profiler-bucket-allocator-block-count=8"
    "memorysetup-profiler-allocator-block-size=16777216"
    "memorysetup-profiler-editor-allocator-block-size=1048576"
    "memorysetup-temp-allocator-size-main=16777216"
    "memorysetup-job-temp-allocator-block-size=2097152"
    "memorysetup-job-temp-allocator-block-size-background=1048576"
    "memorysetup-job-temp-allocator-reduction-small-platforms=262144"
    "memorysetup-temp-allocator-size-cloud-worker=32768"
Player connection [39332]  Target information:

Player connection [39332]  * "[IP] 192.168.56.1 [Port] 0 [Flags] 2 [Guid] 1175627927 [EditorId] 1175627927 [Version] 1048832 [Id] WindowsEditor(7,TheWhoreTop) [Debug] 1 [PackageName] WindowsEditor [ProjectName] Editor" 

Player connection [39332]  * "[IP] 10.126.207.53 [Port] 0 [Flags] 2 [Guid] 1175627927 [EditorId] 1175627927 [Version] 1048832 [Id] WindowsEditor(7,TheWhoreTop) [Debug] 1 [PackageName] WindowsEditor [ProjectName] Editor" 

Player connection [39332] Host joined multi-casting on [225.0.0.222:54997]...
Player connection [39332] Host joined alternative multi-casting on [225.0.0.222:34997]...
JobSystem: Creating JobQueue using job-worker-count value 7
Input System module state changed to: Initialized.
[Physics::Module] Initialized fallback backend.
[Physics::Module] Id: 0xdecafbad
Library Redirect Path: Library/
[Physics::Module] Selected backend.
[Physics::Module] Name: PhysX
[Physics::Module] Id: 0xf2b8ea05
[Physics::Module] SDK Version: 4.1.2
[Physics::Module] Integration Version: 1.0.0
[Physics::Module] Threading Mode: Multi-Threaded
Refreshing native plugins compatible for Editor in 4.07 ms, found 4 plugins.
Preloading 0 native plugins for Editor in 0.00 ms.
Initialize engine version: 6000.3.5f1 (a1ec4b2f2d19)
[Subsystems] Discovering subsystems at path C:/Program Files/Unity/Hub/Editor/6000.3.5f1/Editor/Data/Resources/UnitySubsystems
[Subsystems] Discovering subsystems at path C:/Users/Alise/Documents/GitHub/Gimbuls-Hole/Assets
GfxDevice: creating device client; kGfxThreadingModeNonThreaded
Direct3D:
    Version:  Direct3D 11.0 [level 11.1]
    Renderer: NVIDIA GeForce RTX 4060 Laptop GPU (ID=0x28a0)
    Vendor:   NVIDIA
    VRAM:     7956 MB
    Driver:   32.0.15.9282
Initialize mono
Mono path[0] = 'C:/Program Files/Unity/Hub/Editor/6000.3.5f1/Editor/Data/Managed'
Mono path[1] = 'C:/Program Files/Unity/Hub/Editor/6000.3.5f1/Editor/Data/MonoBleedingEdge/lib/mono/unityjit-win32'
Mono config path = 'C:/Program Files/Unity/Hub/Editor/6000.3.5f1/Editor/Data/MonoBleedingEdge/etc'
Using monoOptions --debugger-agent=transport=dt_socket,embedding=1,server=y,suspend=n,address=127.0.0.1:56504
Begin MonoManager ReloadAssembly
Registering precompiled unity dll's ...
Register platform support module: C:/Program Files/Unity/Hub/Editor/6000.3.5f1/Editor/Data/PlaybackEngines/WindowsStandaloneSupport/UnityEditor.WindowsStandalone.Extensions.dll
Registered in 0.001737 seconds.
- Loaded All Assemblies, in  0.396 seconds
[Licensing::Client] Handshaking with LicensingClient:
  Version:                 1.17.4+4293ba1
  Session Id:              2266daabfe5f49cdb66134072262f57d
  Correlation Id:          440ca784c24f91ec6629f5741c1df504
  External correlation Id: 8569139019128101055
  Machine Id:              R0HC1QEXOiqXJcNZaKyMCbhiWAw=
[Licensing::Module] Successfully connected to LicensingClient on channel: "LicenseClient-Alise" (connect: 0.00s, validation: 0.00s, handshake: 1.08s)
[Licensing::IpcConnector] Successfully connected to: "LicenseClient-Alise-notifications" at "2026-07-25T09:32:18.298768Z"
[Licensing::Module] Licensing Background thread has ended after 1.08s
Native extension for WindowsStandalone target not found
ScheduleIndexationOnStartup MainProcess:False IndexOnStartup:True
Mono: successfully reloaded assembly
- Finished resetting the current domain, in  0.360 seconds
Domain Reload Profiling: 754ms
	BeginReloadAssembly (146ms)
		ExecutionOrderSort (0ms)
		DisableScriptedObjects (0ms)
		BackupInstance (0ms)
		ReleaseScriptingObjects (0ms)
		CreateAndSetChildDomain (1ms)
	RebuildCommonClasses (41ms)
	RebuildNativeTypeToScriptingClass (12ms)
	initialDomainReloadingComplete (46ms)
	LoadAllAssembliesAndSetupDomain (149ms)
		LoadAssemblies (142ms)
		RebuildTransferFunctionScriptingTraits (0ms)
		AnalyzeDomain (146ms)
			TypeCache.Refresh (144ms)
				TypeCache.ScanAssembly (131ms)
			BuildScriptInfoCaches (0ms)
			ResolveRequiredComponents (1ms)
	FinalizeReload (360ms)
		ReleaseScriptCaches (0ms)
		RebuildScriptCaches (0ms)
		SetupLoadedEditorAssemblies (314ms)
			LogAssemblyErrors (0ms)
			InitializePlatformSupportModulesInManaged (41ms)
			SetLoadedEditorAssemblies (4ms)
			BeforeProcessingInitializeOnLoad (73ms)
			ProcessInitializeOnLoadAttributes (133ms)
			ProcessInitializeOnLoadMethodAttributes (63ms)
			AfterProcessingInitializeOnLoad (0ms)
			EditorAssembliesLoaded (0ms)
		ExecutionOrderSort2 (0ms)
		AwakeInstancesAfterBackupRestoration (0ms)
========================================================================
Worker process is ready to serve import requests
Import Worker Mode flag is 0x00
Begin MonoManager ReloadAssembly
[Licensing::Client] Successfully resolved entitlement details
[Licensing::Module] License group:
  Id: 5772950962283-UnityPersXXXX
  Product: Unity Personal
  Type: Assigned
  Expiration: Unlimited
- Loaded All Assemblies, in  0.712 seconds
Refreshing native plugins compatible for Editor in 1.63 ms, found 4 plugins.
Native extension for WindowsStandalone target not found
Package Manager log level set to [2]
[Package Manager] Failed to launch server process. Reason: Unity was launched with the -noUpm command-line argument
[Package Manager] Unable to send message (not connected to server process).
[Package Manager] Cannot connect to Unity Package Manager local server
ScheduleIndexationOnStartup MainProcess:False IndexOnStartup:True
Mono: successfully reloaded assembly
- Finished resetting the current domain, in  0.690 seconds
Domain Reload Profiling: 1398ms
	BeginReloadAssembly (165ms)
		ExecutionOrderSort (0ms)
		DisableScriptedObjects (5ms)
		BackupInstance (0ms)
		ReleaseScriptingObjects (0ms)
		CreateAndSetChildDomain (36ms)
	RebuildCommonClasses (31ms)
	RebuildNativeTypeToScriptingClass (10ms)
	initialDomainReloadingComplete (34ms)
	LoadAllAssembliesAndSetupDomain (466ms)
		LoadAssemblies (325ms)
		RebuildTransferFunctionScriptingTraits (0ms)
		AnalyzeDomain (228ms)
			TypeCache.Refresh (158ms)
				TypeCache.ScanAssembly (145ms)
			BuildScriptInfoCaches (58ms)
			ResolveRequiredComponents (8ms)
	FinalizeReload (691ms)
		ReleaseScriptCaches (0ms)
		RebuildScriptCaches (0ms)
		SetupLoadedEditorAssemblies (570ms)
			LogAssemblyErrors (0ms)
			InitializePlatformSupportModulesInManaged (1ms)
			SetLoadedEditorAssemblies (3ms)
			BeforeProcessingInitializeOnLoad (128ms)
			ProcessInitializeOnLoadAttributes (314ms)
			ProcessInitializeOnLoadMethodAttributes (117ms)
			AfterProcessingInitializeOnLoad (6ms)
			EditorAssembliesLoaded (0ms)
		ExecutionOrderSort2 (0ms)
		AwakeInstancesAfterBackupRestoration (6ms)
Launched and connected shader compiler UnityShaderCompiler.exe after 0.01 seconds
Refreshing native plugins compatible for Editor in 1.53 ms, found 4 plugins.
Preloading 0 native plugins for Editor in 0.00 ms.
Unloading 16 Unused Serialized files (Serialized files now loaded: 0)
Unloading 6911 unused Assets / (4.9 MB). Loaded Objects now: 7728.
Memory consumption went from 154.4 MB to 149.5 MB.
Total: 9.492200 ms (FindLiveObjects: 0.795100 ms CreateObjectMapping: 0.777900 ms MarkObjects: 5.198000 ms  DeleteObjects: 2.720000 ms)

========================================================================
Received Import Request.
  Time since last request: 3002.564075 seconds.
  path: Assets/Assets/World/assets.png
  artifactKey: Guid(eb002fe61bf289544b9e150d76798744) Importer(815301076,1909f56bfc062723c751e8b465ee728b)
Start importing Assets/Assets/World/assets.png using Guid(eb002fe61bf289544b9e150d76798744) Importer(815301076,1909f56bfc062723c751e8b465ee728b) (PreviewImporter) -> (artifact id: '4d6ff3d5a03affb9bfcfc8e3fa4ebad1') in 0.1355957 seconds
Number of updated asset objects reloaded before import = 0Number of asset objects unloaded after import = 18

========================================================================
Received Import Request.
  Time since last request: 0.881061 seconds.
  path: Assets/Assets/World/assets.png
  artifactKey: Guid(eb002fe61bf289544b9e150d76798744) Importer(2089858483,b0f066a214c2f5e87bad3c948f4d605d)
Start importing Assets/Assets/World/assets.png using Guid(eb002fe61bf289544b9e150d76798744) Importer(2089858483,b0f066a214c2f5e87bad3c948f4d605d) (ScriptedImporter) -> (artifact id: '8b53e40ea4b5c3d37393fca787aa3247') in 0.0991568 seconds
Number of updated asset objects reloaded before import = 0Number of asset objects unloaded after import = 18

========================================================================
Received Import Request.
  Time since last request: 28.207281 seconds.
  path: Assets/Assets/World/assets.png
  artifactKey: Guid(eb002fe61bf289544b9e150d76798744) Importer(815301076,1909f56bfc062723c751e8b465ee728b)
Start importing Assets/Assets/World/assets.png using Guid(eb002fe61bf289544b9e150d76798744) Importer(815301076,1909f56bfc062723c751e8b465ee728b) (PreviewImporter) -> (artifact id: '63fe95be2c632987affc3f90aa8b5740') in 0.0532271 seconds
Number of updated asset objects reloaded before import = 0Number of asset objects unloaded after import = 17

========================================================================
Received Import Request.
  Time since last request: 0.813079 seconds.
  path: Assets/Assets/World/assets.png
  artifactKey: Guid(eb002fe61bf289544b9e150d76798744) Importer(2089858483,b0f066a214c2f5e87bad3c948f4d605d)
Start importing Assets/Assets/World/assets.png using Guid(eb002fe61bf289544b9e150d76798744) Importer(2089858483,b0f066a214c2f5e87bad3c948f4d605d) (ScriptedImporter) -> (artifact id: '3907f5a17e323b97af95b763c1b43480') in 0.0256318 seconds
Number of updated asset objects reloaded before import = 0Number of asset objects unloaded after import = 17

========================================================================
Received Import Request.
  Time since last request: 220.840904 seconds.
  path: Assets/Assets/World/assets.png
  artifactKey: Guid(eb002fe61bf289544b9e150d76798744) Importer(815301076,1909f56bfc062723c751e8b465ee728b)
Start importing Assets/Assets/World/assets.png using Guid(eb002fe61bf289544b9e150d76798744) Importer(815301076,1909f56bfc062723c751e8b465ee728b) (PreviewImporter) -> (artifact id: 'e15dbe9b0de7f96518a2f1263e8e2181') in 0.2146851 seconds
Number of updated asset objects reloaded before import = 0Number of asset objects unloaded after import = 49

========================================================================
Received Import Request.
  Time since last request: 0.681988 seconds.
  path: Assets/Assets/World/assets.png
  artifactKey: Guid(eb002fe61bf289544b9e150d76798744) Importer(2089858483,b0f066a214c2f5e87bad3c948f4d605d)
Start importing Assets/Assets/World/assets.png using Guid(eb002fe61bf289544b9e150d76798744) Importer(2089858483,b0f066a214c2f5e87bad3c948f4d605d) (ScriptedImporter) -> (artifact id: '52571d56a59f739666f2de7610e22cff') in 0.0418661 seconds
Number of updated asset objects reloaded before import = 0Number of asset objects unloaded after import = 49

========================================================================
Received Import Request.
  Time since last request: 50.137272 seconds.
  path: Packages/com.unity.2d.sprite/Editor/ObjectMenuCreation/DefaultAssets/Textures/v2/9Sliced.png
  artifactKey: Guid(8884154dfe85442a3a3578be807dbcdf) Importer(815301076,1909f56bfc062723c751e8b465ee728b)
Start importing Packages/com.unity.2d.sprite/Editor/ObjectMenuCreation/DefaultAssets/Textures/v2/9Sliced.png using Guid(8884154dfe85442a3a3578be807dbcdf) Importer(815301076,1909f56bfc062723c751e8b465ee728b) (PreviewImporter) -> (artifact id: '94edd9adacb5b7b441d64c25e78de0fd') in 0.0200209 seconds
Number of updated asset objects reloaded before import = 0Number of asset objects unloaded after import = 3

========================================================================
Received Import Request.
  Time since last request: 0.000017 seconds.
  path: Packages/com.unity.2d.sprite/Editor/ObjectMenuCreation/DefaultAssets/Textures/v2/Square.png
  artifactKey: Guid(311925a002f4447b3a28927169b83ea6) Importer(815301076,1909f56bfc062723c751e8b465ee728b)
Start importing Packages/com.unity.2d.sprite/Editor/ObjectMenuCreation/DefaultAssets/Textures/v2/Square.png using Guid(311925a002f4447b3a28927169b83ea6) Importer(815301076,1909f56bfc062723c751e8b465ee728b) (PreviewImporter) -> (artifact id: '9f56d173a5dfed8766b5a45145d3e882') in 0.0204498 seconds
Number of updated asset objects reloaded before import = 0Number of asset objects unloaded after import = 3

========================================================================
Received Import Request.
  Time since last request: 0.000018 seconds.
  path: Packages/com.unity.2d.sprite/Editor/ObjectMenuCreation/DefaultAssets/Textures/v2/Circle.png
  artifactKey: Guid(a86470a33a6bf42c4b3595704624658b) Importer(815301076,1909f56bfc062723c751e8b465ee728b)
Start importing Packages/com.unity.2d.sprite/Editor/ObjectMenuCreation/DefaultAssets/Textures/v2/Circle.png using Guid(a86470a33a6bf42c4b3595704624658b) Importer(815301076,1909f56bfc062723c751e8b465ee728b) (PreviewImporter) -> (artifact id: '88bd3f30a53410e76a915395ddebc776') in 0.0221695 seconds
Number of updated asset objects reloaded before import = 0Number of asset objects unloaded after import = 3

========================================================================
Received Import Request.
  Time since last request: 0.000022 seconds.
  path: Packages/com.unity.2d.sprite/Editor/ObjectMenuCreation/DefaultAssets/Textures/v2/IsometricDiamond.png
  artifactKey: Guid(19fb86013d8c24d6cb8410c0aadf30fa) Importer(815301076,1909f56bfc062723c751e8b465ee728b)
Start importing Packages/com.unity.2d.sprite/Editor/ObjectMenuCreation/DefaultAssets/Textures/v2/IsometricDiamond.png using Guid(19fb86013d8c24d6cb8410c0aadf30fa) Importer(815301076,1909f56bfc062723c751e8b465ee728b) (PreviewImporter) -> (artifact id: '226477c4df40946a7f7e5662ad7fdf67') in 0.0201684 seconds
Number of updated asset objects reloaded before import = 0Number of asset objects unloaded after import = 3

========================================================================
Received Import Request.
  Time since last request: 25.221247 seconds.
  path: Assets/Assets/World/assets - Copy.png
  artifactKey: Guid(12252a6813219e144afcbe5b2d005e0a) Importer(815301076,1909f56bfc062723c751e8b465ee728b)
Start importing Assets/Assets/World/assets - Copy.png using Guid(12252a6813219e144afcbe5b2d005e0a) Importer(815301076,1909f56bfc062723c751e8b465ee728b) (PreviewImporter) -> (artifact id: '0a4bb9634273aca70d302f811ad6186a') in 0.0750816 seconds
Number of updated asset objects reloaded before import = 0Number of asset objects unloaded after import = 18

========================================================================
Received Import Request.
  Time since last request: 0.881121 seconds.
  path: Assets/Assets/World/assets - Copy.png
  artifactKey: Guid(12252a6813219e144afcbe5b2d005e0a) Importer(2089858483,b0f066a214c2f5e87bad3c948f4d605d)
Start importing Assets/Assets/World/assets - Copy.png using Guid(12252a6813219e144afcbe5b2d005e0a) Importer(2089858483,b0f066a214c2f5e87bad3c948f4d605d) (ScriptedImporter) -> (artifact id: 'fd0ea37f15a71e09fc2e1537feab3bc2') in 0.0322531 seconds
Number of updated asset objects reloaded before import = 0Number of asset objects unloaded after import = 18

========================================================================
Received Import Request.
  Time since last request: 126.003321 seconds.
  path: Assets/Assets/World/the platforms.png
  artifactKey: Guid(12252a6813219e144afcbe5b2d005e0a) Importer(815301076,1909f56bfc062723c751e8b465ee728b)
Start importing Assets/Assets/World/the platforms.png using Guid(12252a6813219e144afcbe5b2d005e0a) Importer(815301076,1909f56bfc062723c751e8b465ee728b) (PreviewImporter) -> (artifact id: '4df8a9261d9df99473d49eb6fc86cee6') in 0.0772846 seconds
Number of updated asset objects reloaded before import = 0Number of asset objects unloaded after import = 18

========================================================================
Received Import Request.
  Time since last request: 0.835852 seconds.
  path: Assets/Assets/World/the platforms.png
  artifactKey: Guid(12252a6813219e144afcbe5b2d005e0a) Importer(2089858483,b0f066a214c2f5e87bad3c948f4d605d)
Start importing Assets/Assets/World/the platforms.png using Guid(12252a6813219e144afcbe5b2d005e0a) Importer(2089858483,b0f066a214c2f5e87bad3c948f4d605d) (ScriptedImporter) -> (artifact id: '01b0390178ed054854c0f13d17969c34') in 0.0254158 seconds
Number of updated asset objects reloaded before import = 0Number of asset objects unloaded after import = 18

========================================================================
Received Import Request.
  Time since last request: 17.105625 seconds.
  path: Assets/Assets/World/the platforms.png
  artifactKey: Guid(12252a6813219e144afcbe5b2d005e0a) Importer(815301076,1909f56bfc062723c751e8b465ee728b)
Start importing Assets/Assets/World/the platforms.png using Guid(12252a6813219e144afcbe5b2d005e0a) Importer(815301076,1909f56bfc062723c751e8b465ee728b) (PreviewImporter) -> (artifact id: 'dcdc9a8bb3faa25146fff78030a524d2') in 0.0728486 seconds
Number of updated asset objects reloaded before import = 0Number of asset objects unloaded after import = 18

========================================================================
Received Import Request.
  Time since last request: 0.879110 seconds.
  path: Assets/Assets/World/the platforms.png
  artifactKey: Guid(12252a6813219e144afcbe5b2d005e0a) Importer(2089858483,b0f066a214c2f5e87bad3c948f4d605d)
Start importing Assets/Assets/World/the platforms.png using Guid(12252a6813219e144afcbe5b2d005e0a) Importer(2089858483,b0f066a214c2f5e87bad3c948f4d605d) (ScriptedImporter) -> (artifact id: 'd8a0f873ead7126ea77b2c0aac631e5a') in 0.0260492 seconds
Number of updated asset objects reloaded before import = 0Number of asset objects unloaded after import = 18

========================================================================
Received Import Request.
  Time since last request: 817.528801 seconds.
  path: ProjectSettings/TagManager.asset
  artifactKey: Guid(00000000000000003000000000000000) Importer(815301076,1909f56bfc062723c751e8b465ee728b)
Start importing ProjectSettings/TagManager.asset using Guid(00000000000000003000000000000000) Importer(815301076,1909f56bfc062723c751e8b465ee728b) (PreviewImporter) -> (artifact id: 'b755d7573ef0773135e58492b30b48d6') in 0.0013178 seconds
Number of updated asset objects reloaded before import = 0Number of asset objects unloaded after import = 0

========================================================================
Received Import Request.
  Time since last request: 176.604204 seconds.
  path: Assets/Background.prefab
  artifactKey: Guid(d6437f78b282cd946b99afaf4d86b322) Importer(815301076,1909f56bfc062723c751e8b465ee728b)
Start importing Assets/Background.prefab using Guid(d6437f78b282cd946b99afaf4d86b322) Importer(815301076,1909f56bfc062723c751e8b465ee728b) (PreviewImporter) -> (artifact id: '330dc6330e199745c6fdab78f9df4ee0') in 0.3158156 seconds
Number of updated asset objects reloaded before import = 0Number of asset objects unloaded after import = 10

========================================================================
Received Import Request.
  Time since last request: 0.543195 seconds.
  path: Assets/Background.prefab
  artifactKey: Guid(d6437f78b282cd946b99afaf4d86b322) Importer(2089858483,b0f066a214c2f5e87bad3c948f4d605d)
Start importing Assets/Background.prefab using Guid(d6437f78b282cd946b99afaf4d86b322) Importer(2089858483,b0f066a214c2f5e87bad3c948f4d605d) (ScriptedImporter) -> (artifact id: '0815e6adad1d2c2c56b3cae9b9e6048b') in 0.0334023 seconds
Number of updated asset objects reloaded before import = 0Number of asset objects unloaded after import = 10

========================================================================
Received Import Request.
  Time since last request: 21.655851 seconds.
  path: Assets/Assets/World/assets_0.asset
  artifactKey: Guid(2aa1533abaf74a04f82f3d2b1fc745a4) Importer(815301076,1909f56bfc062723c751e8b465ee728b)
Start importing Assets/Assets/World/assets_0.asset using Guid(2aa1533abaf74a04f82f3d2b1fc745a4) Importer(815301076,1909f56bfc062723c751e8b465ee728b) (PreviewImporter) -> (artifact id: '73c80c01c906a2d6fcf08d64f5375357') in 0.0476153 seconds
Number of updated asset objects reloaded before import = 0Number of asset objects unloaded after import = 3

========================================================================
Received Import Request.
  Time since last request: 0.000032 seconds.
  path: Assets/Assets/World/assets_36.asset
  artifactKey: Guid(e982ab92bf818ab42b0e7e91326ade13) Importer(815301076,1909f56bfc062723c751e8b465ee728b)
Start importing Assets/Assets/World/assets_36.asset using Guid(e982ab92bf818ab42b0e7e91326ade13) Importer(815301076,1909f56bfc062723c751e8b465ee728b) (PreviewImporter) -> (artifact id: 'a5e18a10203d458bd5d858126425a901') in 0.0188304 seconds
Number of updated asset objects reloaded before import = 0Number of asset objects unloaded after import = 3

========================================================================
Received Import Request.
  Time since last request: 0.000030 seconds.
  path: Assets/Assets/World/assets_21.asset
  artifactKey: Guid(908efff4728a66f43aeaf3f33b6e6ccb) Importer(815301076,1909f56bfc062723c751e8b465ee728b)
Start importing Assets/Assets/World/assets_21.asset using Guid(908efff4728a66f43aeaf3f33b6e6ccb) Importer(815301076,1909f56bfc062723c751e8b465ee728b) (PreviewImporter) -> (artifact id: 'e8b688bce2ea4a6796d52ea1259369ae') in 0.0202754 seconds
Number of updated asset objects reloaded before import = 0Number of asset objects unloaded after import = 3

========================================================================
Received Import Request.
  Time since last request: 0.000026 seconds.
  path: Assets/Assets/World/assets_4.asset
  artifactKey: Guid(f22825acf5d735b4d9d22607edb12f55) Importer(815301076,1909f56bfc062723c751e8b465ee728b)
Start importing Assets/Assets/World/assets_4.asset using Guid(f22825acf5d735b4d9d22607edb12f55) Importer(815301076,1909f56bfc062723c751e8b465ee728b) (PreviewImporter) -> (artifact id: '0e646532f08f9c58796370e0cc776ce5') in 0.0181654 seconds
Number of updated asset objects reloaded before import = 0Number of asset objects unloaded after import = 3

========================================================================
Received Import Request.
  Time since last request: 0.000048 seconds.
  path: Assets/Assets/World/assets_12.asset
  artifactKey: Guid(2461b9494cdcbe94885f624cf75b56bb) Importer(815301076,1909f56bfc062723c751e8b465ee728b)
Start importing Assets/Assets/World/assets_12.asset using Guid(2461b9494cdcbe94885f624cf75b56bb) Importer(815301076,1909f56bfc062723c751e8b465ee728b) (PreviewImporter) -> (artifact id: '7a90844a675f70b89edd0aae92a021b8') in 0.019295 seconds
Number of updated asset objects reloaded before import = 0Number of asset objects unloaded after import = 3

========================================================================
Received Import Request.
  Time since last request: 0.000028 seconds.
  path: Assets/Assets/World/assets_35.asset
  artifactKey: Guid(1813d53d1da8cbb46926d79b0f7586d2) Importer(815301076,1909f56bfc062723c751e8b465ee728b)
Start importing Assets/Assets/World/assets_35.asset using Guid(1813d53d1da8cbb46926d79b0f7586d2) Importer(815301076,1909f56bfc062723c751e8b465ee728b) (PreviewImporter) -> (artifact id: '3fc724b251ab70406435cc9eb1239c3b') in 0.0088352 seconds
Number of updated asset objects reloaded before import = 0Number of asset objects unloaded after import = 3

========================================================================
Received Import Request.
  Time since last request: 0.000029 seconds.
  path: Assets/Assets/World/assets_22.asset
  artifactKey: Guid(a88a715b8806e3e41b8d705009660517) Importer(815301076,1909f56bfc062723c751e8b465ee728b)
Start importing Assets/Assets/World/assets_22.asset using Guid(a88a715b8806e3e41b8d705009660517) Importer(815301076,1909f56bfc062723c751e8b465ee728b) (PreviewImporter) -> (artifact id: '46f63b12a3db5bbe04c1a2679050f514') in 0.0200458 seconds
Number of updated asset objects reloaded before import = 0Number of asset objects unloaded after import = 3

========================================================================
Received Import Request.
  Time since last request: 0.000031 seconds.
  path: Assets/Assets/World/assets_37.asset
  artifactKey: Guid(b45768261a2dcd04b81a04bf646c22a5) Importer(815301076,1909f56bfc062723c751e8b465ee728b)
Start importing Assets/Assets/World/assets_37.asset using Guid(b45768261a2dcd04b81a04bf646c22a5) Importer(815301076,1909f56bfc062723c751e8b465ee728b) (PreviewImporter) -> (artifact id: '1584562be078c13b93ba1a62097ff336') in 0.0175109 seconds
Number of updated asset objects reloaded before import = 0Number of asset objects unloaded after import = 3

========================================================================
Received Import Request.
  Time since last request: 0.000029 seconds.
  path: Assets/Assets/World/assets_11.asset
  artifactKey: Guid(950cf75b1b4505643a90cd89f36fe11e) Importer(815301076,1909f56bfc062723c751e8b465ee728b)
Start importing Assets/Assets/World/assets_11.asset using Guid(950cf75b1b4505643a90cd89f36fe11e) Importer(815301076,1909f56bfc062723c751e8b465ee728b) (PreviewImporter) -> (artifact id: '02aed148e9416b68adedc42ce685e104') in 0.0195899 seconds
Number of updated asset objects reloaded before import = 0Number of asset objects unloaded after import = 3

========================================================================
Received Import Request.
  Time since last request: 0.000035 seconds.
  path: Assets/Assets/World/assets_44.asset
  artifactKey: Guid(bcc054278200d3545b12e8fbb4cfe35a) Importer(815301076,1909f56bfc062723c751e8b465ee728b)
Start importing Assets/Assets/World/assets_44.asset using Guid(bcc054278200d3545b12e8fbb4cfe35a) Importer(815301076,1909f56bfc062723c751e8b465ee728b) (PreviewImporter) -> (artifact id: '35c010e4f63cf2e9f6c3f0a23f67baba') in 0.0170775 seconds
Number of updated asset objects reloaded before import = 0Number of asset objects unloaded after import = 3

========================================================================
Received Import Request.
  Time since last request: 0.000028 seconds.
  path: Assets/Assets/World/assets_27.asset
  artifactKey: Guid(6c0373ec593346d48a964c6b3f82f838) Importer(815301076,1909f56bfc062723c751e8b465ee728b)
Start importing Assets/Assets/World/assets_27.asset using Guid(6c0373ec593346d48a964c6b3f82f838) Importer(815301076,1909f56bfc062723c751e8b465ee728b) (PreviewImporter) -> (artifact id: '77625ce3b672ccd4c10dbd0b7a34e0de') in 0.0193562 seconds
Number of updated asset objects reloaded before import = 0Number of asset objects unloaded after import = 3

========================================================================
Received Import Request.
  Time since last request: 0.000030 seconds.
  path: Assets/Assets/World/assets_43.asset
  artifactKey: Guid(dd5ad68c73ce29e419f37d50ad13b08d) Importer(815301076,1909f56bfc062723c751e8b465ee728b)
Start importing Assets/Assets/World/assets_43.asset using Guid(dd5ad68c73ce29e419f37d50ad13b08d) Importer(815301076,1909f56bfc062723c751e8b465ee728b) (PreviewImporter) -> (artifact id: 'b5eadf05f0c4be355b36c881657aeaab') in 0.0170749 seconds
Number of updated asset objects reloaded before import = 0Number of asset objects unloaded after import = 3

========================================================================
Received Import Request.
  Time since last request: 0.000030 seconds.
  path: Assets/Assets/World/assets_6.asset
  artifactKey: Guid(af96e3eee1d23b34598d7ce9e623e4ca) Importer(815301076,1909f56bfc062723c751e8b465ee728b)
Start importing Assets/Assets/World/assets_6.asset using Guid(af96e3eee1d23b34598d7ce9e623e4ca) Importer(815301076,1909f56bfc062723c751e8b465ee728b) (PreviewImporter) -> (artifact id: 'edf4419ca358cc4f37742d4a1cf4989a') in 0.0178008 seconds
Number of updated asset objects reloaded before import = 0Number of asset objects unloaded after import = 3

========================================================================
Received Import Request.
  Time since last request: 0.000026 seconds.
  path: Assets/Assets/World/assets_30.asset
  artifactKey: Guid(47727a791f142974fb3cb5119dc178f5) Importer(815301076,1909f56bfc062723c751e8b465ee728b)
Start importing Assets/Assets/World/assets_30.asset using Guid(47727a791f142974fb3cb5119dc178f5) Importer(815301076,1909f56bfc062723c751e8b465ee728b) (PreviewImporter) -> (artifact id: 'ea72c9a2ddba86509133f93341a62f99') in 0.0182447 seconds
Number of updated asset objects reloaded before import = 0Number of asset objects unloaded after import = 3

========================================================================
Received Import Request.
  Time since last request: 0.000044 seconds.
  path: Assets/Assets/World/assets_2.asset
  artifactKey: Guid(4d006051bfb63434295ac882e8025dfc) Importer(815301076,1909f56bfc062723c751e8b465ee728b)
Start importing Assets/Assets/World/assets_2.asset using Guid(4d006051bfb63434295ac882e8025dfc) Importer(815301076,1909f56bfc062723c751e8b465ee728b) (PreviewImporter) -> (artifact id: '3c146d2d70d7ab687fe2f9493e7a8a45') in 0.0176784 seconds
Number of updated asset objects reloaded before import = 0Number of asset objects unloaded after import = 3

========================================================================
Received Import Request.
  Time since last request: 0.000026 seconds.
  path: Assets/Assets/World/assets_24.asset
  artifactKey: Guid(08c8788c53f855642865c309466a4ce9) Importer(815301076,1909f56bfc062723c751e8b465ee728b)
Start importing Assets/Assets/World/assets_24.asset using Guid(08c8788c53f855642865c309466a4ce9) Importer(815301076,1909f56bfc062723c751e8b465ee728b) (PreviewImporter) -> (artifact id: '77812b3b8441141ac11972870668c91a') in 0.0179658 seconds
Number of updated asset objects reloaded before import = 0Number of asset objects unloaded after import = 3

========================================================================
Received Import Request.
  Time since last request: 0.000023 seconds.
  path: Assets/Assets/World/assets_7.asset
  artifactKey: Guid(517b1959119aace499cb7a5770288d4a) Importer(815301076,1909f56bfc062723c751e8b465ee728b)
Start importing Assets/Assets/World/assets_7.asset using Guid(517b1959119aace499cb7a5770288d4a) Importer(815301076,1909f56bfc062723c751e8b465ee728b) (PreviewImporter) -> (artifact id: 'fa98023e13dfbfd6bb10cbe3cd785473') in 0.0161441 seconds
Number of updated asset objects reloaded before import = 0Number of asset objects unloaded after import = 3

========================================================================
Received Import Request.
  Time since last request: 0.000022 seconds.
  path: Assets/Assets/World/assets_16.asset
  artifactKey: Guid(5af941ec6e2d9b242aa842350c119b98) Importer(815301076,1909f56bfc062723c751e8b465ee728b)
Start importing Assets/Assets/World/assets_16.asset using Guid(5af941ec6e2d9b242aa842350c119b98) Importer(815301076,1909f56bfc062723c751e8b465ee728b) (PreviewImporter) -> (artifact id: '3e68e75de33f947ff328a10c0e48d5d6') in 0.0180011 seconds
Number of updated asset objects reloaded before import = 0Number of asset objects unloaded after import = 3

========================================================================
Received Import Request.
  Time since last request: 0.000024 seconds.
  path: Assets/Assets/World/assets_39.asset
  artifactKey: Guid(886619e84d1a34e42961b15fdbdbabe7) Importer(2089858483,b0f066a214c2f5e87bad3c948f4d605d)
Start importing Assets/Assets/World/assets_39.asset using Guid(886619e84d1a34e42961b15fdbdbabe7) Importer(2089858483,b0f066a214c2f5e87bad3c948f4d605d) (ScriptedImporter) -> (artifact id: '0e3dbcb81e5aff9915e0bcdbe610ccec') in 0.0206146 seconds
Number of updated asset objects reloaded before import = 0Number of asset objects unloaded after import = 2

========================================================================
Received Import Request.
  Time since last request: 0.000031 seconds.
  path: Assets/Assets/World/assets_11.asset
  artifactKey: Guid(950cf75b1b4505643a90cd89f36fe11e) Importer(2089858483,b0f066a214c2f5e87bad3c948f4d605d)
Start importing Assets/Assets/World/assets_11.asset using Guid(950cf75b1b4505643a90cd89f36fe11e) Importer(2089858483,b0f066a214c2f5e87bad3c948f4d605d) (ScriptedImporter) -> (artifact id: '5af97dfe6b3ae226235c14a89e448e0a') in 0.0149652 seconds
Number of updated asset objects reloaded before import = 0Number of asset objects unloaded after import = 2

========================================================================
Received Import Request.
  Time since last request: 0.000021 seconds.
  path: Assets/Assets/World/assets_25.asset
  artifactKey: Guid(b5d8fae1e9f5c8441a2b50bb510fdfb9) Importer(2089858483,b0f066a214c2f5e87bad3c948f4d605d)
Start importing Assets/Assets/World/assets_25.asset using Guid(b5d8fae1e9f5c8441a2b50bb510fdfb9) Importer(2089858483,b0f066a214c2f5e87bad3c948f4d605d) (ScriptedImporter) -> (artifact id: 'c0191fef02d365ab5e1993863398804c') in 0.0146898 seconds
Number of updated asset objects reloaded before import = 0Number of asset objects unloaded after import = 2

========================================================================
Received Import Request.
  Time since last request: 0.000021 seconds.
  path: Assets/Assets/World/assets_17.asset
  artifactKey: Guid(ca35d33246cac0642b95dc0ee61c3807) Importer(2089858483,b0f066a214c2f5e87bad3c948f4d605d)
Start importing Assets/Assets/World/assets_17.asset using Guid(ca35d33246cac0642b95dc0ee61c3807) Importer(2089858483,b0f066a214c2f5e87bad3c948f4d605d) (ScriptedImporter) -> (artifact id: 'be49f36366123706a3b90699cdf90101') in 0.0158758 seconds
Number of updated asset objects reloaded before import = 0Number of asset objects unloaded after import = 2

========================================================================
Received Import Request.
  Time since last request: 0.000024 seconds.
  path: Assets/Assets/World/assets_26.asset
  artifactKey: Guid(176daea245f065c4cb0db171027d6619) Importer(2089858483,b0f066a214c2f5e87bad3c948f4d605d)
Start importing Assets/Assets/World/assets_26.asset using Guid(176daea245f065c4cb0db171027d6619) Importer(2089858483,b0f066a214c2f5e87bad3c948f4d605d) (ScriptedImporter) -> (artifact id: '27beed09e8415605af47c89715e454b0') in 0.0148148 seconds
Number of updated asset objects reloaded before import = 0Number of asset objects unloaded after import = 2

========================================================================
Received Import Request.
  Time since last request: 0.000023 seconds.
  path: Assets/Assets/World/assets_32.asset
  artifactKey: Guid(e736848627bb82049952c99c5252742d) Importer(2089858483,b0f066a214c2f5e87bad3c948f4d605d)
Start importing Assets/Assets/World/assets_32.asset using Guid(e736848627bb82049952c99c5252742d) Importer(2089858483,b0f066a214c2f5e87bad3c948f4d605d) (ScriptedImporter) -> (artifact id: '95750f1b41cc0790646e81e04aaf0eda') in 0.0177876 seconds
Number of updated asset objects reloaded before import = 0Number of asset objects unloaded after import = 2

========================================================================
Received Import Request.
  Time since last request: 0.000026 seconds.
  path: Assets/Assets/World/assets_31.asset
  artifactKey: Guid(c8577b6c7377f1f459a99cea2bc2dc1c) Importer(2089858483,b0f066a214c2f5e87bad3c948f4d605d)
Start importing Assets/Assets/World/assets_31.asset using Guid(c8577b6c7377f1f459a99cea2bc2dc1c) Importer(2089858483,b0f066a214c2f5e87bad3c948f4d605d) (ScriptedImporter) -> (artifact id: '66c950148e6b196a3d1a6e97b3d0cb44') in 0.0174836 seconds
Number of updated asset objects reloaded before import = 0Number of asset objects unloaded after import = 2

========================================================================
Received Import Request.
  Time since last request: 0.000040 seconds.
  path: Assets/Assets/World/assets_15.asset
  artifactKey: Guid(e1aaf6afcf5d3c94b94bf4f7511cf369) Importer(2089858483,b0f066a214c2f5e87bad3c948f4d605d)
Start importing Assets/Assets/World/assets_15.asset using Guid(e1aaf6afcf5d3c94b94bf4f7511cf369) Importer(2089858483,b0f066a214c2f5e87bad3c948f4d605d) (ScriptedImporter) -> (artifact id: 'c5c740c28e16c67f5edbc4fde428d676') in 0.0206641 seconds
Number of updated asset objects reloaded before import = 0Number of asset objects unloaded after import = 2

========================================================================
Received Import Request.
  Time since last request: 0.000028 seconds.
  path: Assets/Assets/World/assets_37.asset
  artifactKey: Guid(b45768261a2dcd04b81a04bf646c22a5) Importer(2089858483,b0f066a214c2f5e87bad3c948f4d605d)
Start importing Assets/Assets/World/assets_37.asset using Guid(b45768261a2dcd04b81a04bf646c22a5) Importer(2089858483,b0f066a214c2f5e87bad3c948f4d605d) (ScriptedImporter) -> (artifact id: 'f17850e59379475904aec1dc5bf1592f') in 0.0175311 seconds
Number of updated asset objects reloaded before import = 0Number of asset objects unloaded after import = 2

========================================================================
Received Import Request.
  Time since last request: 0.000022 seconds.
  path: Assets/Assets/World/assets_35.asset
  artifactKey: Guid(1813d53d1da8cbb46926d79b0f7586d2) Importer(2089858483,b0f066a214c2f5e87bad3c948f4d605d)
Start importing Assets/Assets/World/assets_35.asset using Guid(1813d53d1da8cbb46926d79b0f7586d2) Importer(2089858483,b0f066a214c2f5e87bad3c948f4d605d) (ScriptedImporter) -> (artifact id: '3ce0a105f014a2ed96e6324945a784ea') in 0.0178143 seconds
Number of updated asset objects reloaded before import = 0Number of asset objects unloaded after import = 2

========================================================================
Received Import Request.
  Time since last request: 0.000019 seconds.
  path: Assets/Assets/World/assets_1.asset
  artifactKey: Guid(fc8dd5ecb8da0c44393d578ae5bb9cbb) Importer(2089858483,b0f066a214c2f5e87bad3c948f4d605d)
Start importing Assets/Assets/World/assets_1.asset using Guid(fc8dd5ecb8da0c44393d578ae5bb9cbb) Importer(2089858483,b0f066a214c2f5e87bad3c948f4d605d) (ScriptedImporter) -> (artifact id: '53b6cabc4b2e7c8189fc585532b7564b') in 0.0229055 seconds
Number of updated asset objects reloaded before import = 0Number of asset objects unloaded after import = 2

========================================================================
Received Import Request.
  Time since last request: 0.000028 seconds.
  path: Assets/Assets/World/assets_8.asset
  artifactKey: Guid(1b1aadbf478fded489e2f109a53a9838) Importer(2089858483,b0f066a214c2f5e87bad3c948f4d605d)
Start importing Assets/Assets/World/assets_8.asset using Guid(1b1aadbf478fded489e2f109a53a9838) Importer(2089858483,b0f066a214c2f5e87bad3c948f4d605d) (ScriptedImporter) -> (artifact id: '6acc8edb3b55aa5f34a49aa88363f245') in 0.0155379 seconds
Number of updated asset objects reloaded before import = 0Number of asset objects unloaded after import = 2

========================================================================
Received Import Request.
  Time since last request: 0.000031 seconds.
  path: Assets/Assets/World/assets_29.asset
  artifactKey: Guid(52bf51dcf344c4f4b9efcd3a37cb41d7) Importer(2089858483,b0f066a214c2f5e87bad3c948f4d605d)
Start importing Assets/Assets/World/assets_29.asset using Guid(52bf51dcf344c4f4b9efcd3a37cb41d7) Importer(2089858483,b0f066a214c2f5e87bad3c948f4d605d) (ScriptedImporter) -> (artifact id: '36af566c110ca003ee3b765dee85e389') in 0.0163754 seconds
Number of updated asset objects reloaded before import = 0Number of asset objects unloaded after import = 2

========================================================================
Received Import Request.
  Time since last request: 0.000024 seconds.
  path: Assets/Assets/World/assets_41.asset
  artifactKey: Guid(6dc52ffd7492eb145af3a97258b796fd) Importer(2089858483,b0f066a214c2f5e87bad3c948f4d605d)
Start importing Assets/Assets/World/assets_41.asset using Guid(6dc52ffd7492eb145af3a97258b796fd) Importer(2089858483,b0f066a214c2f5e87bad3c948f4d605d) (ScriptedImporter) -> (artifact id: 'bed0874b636daeed20048347d69a765e') in 0.0166601 seconds
Number of updated asset objects reloaded before import = 0Number of asset objects unloaded after import = 2

========================================================================
Received Import Request.
  Time since last request: 0.000020 seconds.
  path: Assets/Assets/World/assets_13.asset
  artifactKey: Guid(6c9c62f7a51dfb7489dda38b241e9dc3) Importer(2089858483,b0f066a214c2f5e87bad3c948f4d605d)
Start importing Assets/Assets/World/assets_13.asset using Guid(6c9c62f7a51dfb7489dda38b241e9dc3) Importer(2089858483,b0f066a214c2f5e87bad3c948f4d605d) (ScriptedImporter) -> (artifact id: '5151ea1cd5eeeedd7e862a73ba6f9bf8') in 0.0171885 seconds
Number of updated asset objects reloaded before import = 0Number of asset objects unloaded after import = 2

========================================================================
Received Import Request.
  Time since last request: 0.000028 seconds.
  path: Assets/Assets/World/assets_45.asset
  artifactKey: Guid(7556388f0254d234582744930c20860f) Importer(2089858483,b0f066a214c2f5e87bad3c948f4d605d)
Start importing Assets/Assets/World/assets_45.asset using Guid(7556388f0254d234582744930c20860f) Importer(2089858483,b0f066a214c2f5e87bad3c948f4d605d) (ScriptedImporter) -> (artifact id: '973edfe0f8870f5a2cb4233342c69ac1') in 0.0150002 seconds
Number of updated asset objects reloaded before import = 0Number of asset objects unloaded after import = 2

========================================================================
Received Import Request.
  Time since last request: 0.000022 seconds.
  path: Assets/Assets/World/assets_24.asset
  artifactKey: Guid(08c8788c53f855642865c309466a4ce9) Importer(2089858483,b0f066a214c2f5e87bad3c948f4d605d)
Start importing Assets/Assets/World/assets_24.asset using Guid(08c8788c53f855642865c309466a4ce9) Importer(2089858483,b0f066a214c2f5e87bad3c948f4d605d) (ScriptedImporter) -> (artifact id: '0bf208fb6e7490322737812b6be38bdd') in 0.0158914 seconds
Number of updated asset objects reloaded before import = 0Number of asset objects unloaded after import = 2

========================================================================
Received Import Request.
  Time since last request: 0.000049 seconds.
  path: Assets/Assets/World/assets_22.asset
  artifactKey: Guid(a88a715b8806e3e41b8d705009660517) Importer(2089858483,b0f066a214c2f5e87bad3c948f4d605d)
Start importing Assets/Assets/World/assets_22.asset using Guid(a88a715b8806e3e41b8d705009660517) Importer(2089858483,b0f066a214c2f5e87bad3c948f4d605d) (ScriptedImporter) -> (artifact id: '7782fbf9437c9ac7c9eb1334723f6823') in 0.0136976 seconds
Number of updated asset objects reloaded before import = 0Number of asset objects unloaded after import = 2

========================================================================
Received Import Request.
  Time since last request: 0.000032 seconds.
  path: Assets/Assets/World/assets_30.asset
  artifactKey: Guid(47727a791f142974fb3cb5119dc178f5) Importer(2089858483,b0f066a214c2f5e87bad3c948f4d605d)
Start importing Assets/Assets/World/assets_30.asset using Guid(47727a791f142974fb3cb5119dc178f5) Importer(2089858483,b0f066a214c2f5e87bad3c948f4d605d) (ScriptedImporter) -> (artifact id: '13421b6578d82759442c4ab56410bca4') in 0.0155999 seconds
Number of updated asset objects reloaded before import = 0Number of asset objects unloaded after import = 2

========================================================================
Received Import Request.
  Time since last request: 0.000023 seconds.
  path: Assets/Assets/World/assets_16.asset
  artifactKey: Guid(5af941ec6e2d9b242aa842350c119b98) Importer(2089858483,b0f066a214c2f5e87bad3c948f4d605d)
Start importing Assets/Assets/World/assets_16.asset using Guid(5af941ec6e2d9b242aa842350c119b98) Importer(2089858483,b0f066a214c2f5e87bad3c948f4d605d) (ScriptedImporter) -> (artifact id: '833ad9174edb51f8c8e8c9892c6e5732') in 0.0158976 seconds
Number of updated asset objects reloaded before import = 0Number of asset objects unloaded after import = 2

========================================================================
Received Import Request.
  Time since last request: 0.000026 seconds.
  path: Assets/Assets/World/assets_9.asset
  artifactKey: Guid(77fab9f45eac6e5448d4cbcc4f53610a) Importer(2089858483,b0f066a214c2f5e87bad3c948f4d605d)
Start importing Assets/Assets/World/assets_9.asset using Guid(77fab9f45eac6e5448d4cbcc4f53610a) Importer(2089858483,b0f066a214c2f5e87bad3c948f4d605d) (ScriptedImporter) -> (artifact id: 'a8bbd7eed060dac4ece33a0d6e0dec13') in 0.0165597 seconds
Number of updated asset objects reloaded before import = 0Number of asset objects unloaded after import = 2

========================================================================
Received Import Request.
  Time since last request: 0.000021 seconds.
  path: Assets/Assets/World/assets_6.asset
  artifactKey: Guid(af96e3eee1d23b34598d7ce9e623e4ca) Importer(2089858483,b0f066a214c2f5e87bad3c948f4d605d)
Start importing Assets/Assets/World/assets_6.asset using Guid(af96e3eee1d23b34598d7ce9e623e4ca) Importer(2089858483,b0f066a214c2f5e87bad3c948f4d605d) (ScriptedImporter) -> (artifact id: '8665fc1d476bb4bcdbb9e0b4e90bc716') in 0.0179731 seconds
Number of updated asset objects reloaded before import = 0Number of asset objects unloaded after import = 2

========================================================================
Received Import Request.
  Time since last request: 0.000023 seconds.
  path: Assets/Assets/World/assets_18.asset
  artifactKey: Guid(7b3ad57bae999b2468ea998f5c4ed35b) Importer(2089858483,b0f066a214c2f5e87bad3c948f4d605d)
Start importing Assets/Assets/World/assets_18.asset using Guid(7b3ad57bae999b2468ea998f5c4ed35b) Importer(2089858483,b0f066a214c2f5e87bad3c948f4d605d) (ScriptedImporter) -> (artifact id: 'db1d305f7b1ec4f79c3352fcdbee329c') in 0.0154136 seconds
Number of updated asset objects reloaded before import = 0Number of asset objects unloaded after import = 2

========================================================================
Received Import Request.
  Time since last request: 0.000034 seconds.
  path: Assets/Assets/World/assets_20.asset
  artifactKey: Guid(056a0c1b24e606f488472c145a1e5774) Importer(2089858483,b0f066a214c2f5e87bad3c948f4d605d)
Start importing Assets/Assets/World/assets_20.asset using Guid(056a0c1b24e606f488472c145a1e5774) Importer(2089858483,b0f066a214c2f5e87bad3c948f4d605d) (ScriptedImporter) -> (artifact id: '6b00cd576af4aec0a9bd2040309fda80') in 0.0145671 seconds
Number of updated asset objects reloaded before import = 0Number of asset objects unloaded after import = 2

========================================================================
Received Import Request.
  Time since last request: 0.000023 seconds.
  path: Assets/Assets/World/assets_25.asset
  artifactKey: Guid(b5d8fae1e9f5c8441a2b50bb510fdfb9) Importer(815301076,1909f56bfc062723c751e8b465ee728b)
Start importing Assets/Assets/World/assets_25.asset using Guid(b5d8fae1e9f5c8441a2b50bb510fdfb9) Importer(815301076,1909f56bfc062723c751e8b465ee728b) (PreviewImporter) -> (artifact id: '4f66aace92d5f95ad1ede4fe5c203aef') in 0.0165751 seconds
Number of updated asset objects reloaded before import = 0Number of asset objects unloaded after import = 3

========================================================================
Received Import Request.
  Time since last request: 0.000027 seconds.
  path: Assets/Assets/World/assets_45.asset
  artifactKey: Guid(7556388f0254d234582744930c20860f) Importer(815301076,1909f56bfc062723c751e8b465ee728b)
Start importing Assets/Assets/World/assets_45.asset using Guid(7556388f0254d234582744930c20860f) Importer(815301076,1909f56bfc062723c751e8b465ee728b) (PreviewImporter) -> (artifact id: '0dd60fbf901f5282953f7cd388f9c240') in 0.0157651 seconds
Number of updated asset objects reloaded before import = 0Number of asset objects unloaded after import = 3

========================================================================
Received Import Request.
  Time since last request: 0.000024 seconds.
  path: Assets/Assets/World/assets_14.asset
  artifactKey: Guid(7cc5d0e2a5102674193042fcc92e7ab8) Importer(2089858483,b0f066a214c2f5e87bad3c948f4d605d)
Start importing Assets/Assets/World/assets_14.asset using Guid(7cc5d0e2a5102674193042fcc92e7ab8) Importer(2089858483,b0f066a214c2f5e87bad3c948f4d605d) (ScriptedImporter) -> (artifact id: 'a2b3e7daef9da08fa280fa421b00ac0f') in 0.0146689 seconds
Number of updated asset objects reloaded before import = 0Number of asset objects unloaded after import = 2

========================================================================
Received Import Request.
  Time since last request: 0.000027 seconds.
  path: Assets/Assets/World/assets_39.asset
  artifactKey: Guid(886619e84d1a34e42961b15fdbdbabe7) Importer(815301076,1909f56bfc062723c751e8b465ee728b)
Start importing Assets/Assets/World/assets_39.asset using Guid(886619e84d1a34e42961b15fdbdbabe7) Importer(815301076,1909f56bfc062723c751e8b465ee728b) (PreviewImporter) -> (artifact id: '47da69365ff98332b33d658d89807a44') in 0.0142975 seconds
Number of updated asset objects reloaded before import = 0Number of asset objects unloaded after import = 3

========================================================================
Received Import Request.
  Time since last request: 0.000025 seconds.
  path: Assets/Assets/World/assets_43.asset
  artifactKey: Guid(dd5ad68c73ce29e419f37d50ad13b08d) Importer(2089858483,b0f066a214c2f5e87bad3c948f4d605d)
Start importing Assets/Assets/World/assets_43.asset using Guid(dd5ad68c73ce29e419f37d50ad13b08d) Importer(2089858483,b0f066a214c2f5e87bad3c948f4d605d) (ScriptedImporter) -> (artifact id: '2ab74b31530d7a7617635577285bb9b3') in 0.0144717 seconds
Number of updated asset objects reloaded before import = 0Number of asset objects unloaded after import = 2

========================================================================
Received Import Request.
  Time since last request: 0.000043 seconds.
  path: Assets/Assets/World/assets_36.asset
  artifactKey: Guid(e982ab92bf818ab42b0e7e91326ade13) Importer(2089858483,b0f066a214c2f5e87bad3c948f4d605d)
Start importing Assets/Assets/World/assets_36.asset using Guid(e982ab92bf818ab42b0e7e91326ade13) Importer(2089858483,b0f066a214c2f5e87bad3c948f4d605d) (ScriptedImporter) -> (artifact id: 'eeb37b1fcdc9efea503b29f30cb13f6a') in 0.0160878 seconds
Number of updated asset objects reloaded before import = 0Number of asset objects unloaded after import = 2

========================================================================
Received Import Request.
  Time since last request: 0.000021 seconds.
  path: Assets/Assets/World/assets_32.asset
  artifactKey: Guid(e736848627bb82049952c99c5252742d) Importer(815301076,1909f56bfc062723c751e8b465ee728b)
Start importing Assets/Assets/World/assets_32.asset using Guid(e736848627bb82049952c99c5252742d) Importer(815301076,1909f56bfc062723c751e8b465ee728b) (PreviewImporter) -> (artifact id: '48ed311a9e3cc78adead07fa3826a02a') in 0.0154774 seconds
Number of updated asset objects reloaded before import = 0Number of asset objects unloaded after import = 3

========================================================================
Received Import Request.
  Time since last request: 91.962501 seconds.
  path: Assets/Background.prefab
  artifactKey: Guid(d6437f78b282cd946b99afaf4d86b322) Importer(2089858483,b0f066a214c2f5e87bad3c948f4d605d)
Start importing Assets/Background.prefab using Guid(d6437f78b282cd946b99afaf4d86b322) Importer(2089858483,b0f066a214c2f5e87bad3c948f4d605d) (ScriptedImporter) -> (artifact id: '2dabe9f9dc4daf9e22521e06134ba60f') in 0.0167152 seconds
Number of updated asset objects reloaded before import = 0Number of asset objects unloaded after import = 10

========================================================================
Received Import Request.
  Time since last request: 108.684544 seconds.
  path: Assets/Background.prefab
  artifactKey: Guid(d6437f78b282cd946b99afaf4d86b322) Importer(815301076,1909f56bfc062723c751e8b465ee728b)
Start importing Assets/Background.prefab using Guid(d6437f78b282cd946b99afaf4d86b322) Importer(815301076,1909f56bfc062723c751e8b465ee728b) (PreviewImporter) -> (artifact id: '089938ec364ff6e1079ea5083db74a96') in 0.0179663 seconds
Number of updated asset objects reloaded before import = 0Number of asset objects unloaded after import = 26

========================================================================
Received Import Request.
  Time since last request: 220.704178 seconds.
  path: Assets/Assets/TileSets
  artifactKey: Guid(647b5065e4990cd45bef5f79dfeff004) Importer(2089858483,b0f066a214c2f5e87bad3c948f4d605d)
Start importing Assets/Assets/TileSets using Guid(647b5065e4990cd45bef5f79dfeff004) Importer(2089858483,b0f066a214c2f5e87bad3c948f4d605d) (ScriptedImporter) -> (artifact id: '0c051a863cf6700d54cf584194c05ab5') in 0.0166129 seconds
Number of updated asset objects reloaded before import = 0Number of asset objects unloaded after import = 1

========================================================================
Received Import Request.
  Time since last request: 24.358681 seconds.
  path: Assets/Assets/TileSets/Ground.prefab
  artifactKey: Guid(3d0976e6498f96640b3cc1dd18d1e177) Importer(2089858483,b0f066a214c2f5e87bad3c948f4d605d)
Start importing Assets/Assets/TileSets/Ground.prefab using Guid(3d0976e6498f96640b3cc1dd18d1e177) Importer(2089858483,b0f066a214c2f5e87bad3c948f4d605d) (ScriptedImporter) -> (artifact id: '881b799e055543f9afc6d3a4caae6f42') in 0.0156071 seconds
Number of updated asset objects reloaded before import = 0Number of asset objects unloaded after import = 10

========================================================================
Received Import Request.
  Time since last request: 64.261771 seconds.
  path: Assets/Assets/TileSets
  artifactKey: Guid(647b5065e4990cd45bef5f79dfeff004) Importer(815301076,1909f56bfc062723c751e8b465ee728b)
Start importing Assets/Assets/TileSets using Guid(647b5065e4990cd45bef5f79dfeff004) Importer(815301076,1909f56bfc062723c751e8b465ee728b) (PreviewImporter) -> (artifact id: 'c7d8dd01e7c1883e9563f55351cb5778') in 0.0005913 seconds
Number of updated asset objects reloaded before import = 0Number of asset objects unloaded after import = 0

========================================================================
Received Import Request.
  Time since last request: 0.245228 seconds.
  path: Assets/Assets/TileSets/Ground.prefab
  artifactKey: Guid(3d0976e6498f96640b3cc1dd18d1e177) Importer(815301076,1909f56bfc062723c751e8b465ee728b)
Start importing Assets/Assets/TileSets/Ground.prefab using Guid(3d0976e6498f96640b3cc1dd18d1e177) Importer(815301076,1909f56bfc062723c751e8b465ee728b) (PreviewImporter) -> (artifact id: '5332b694c950177dff9f7b428ff47925') in 0.0197761 seconds
Number of updated asset objects reloaded before import = 0Number of asset objects unloaded after import = 10

========================================================================
Received Import Request.
  Time since last request: 51.819096 seconds.
  path: Assets/Assets/TileSets/Ground.prefab
  artifactKey: Guid(3d0976e6498f96640b3cc1dd18d1e177) Importer(815301076,1909f56bfc062723c751e8b465ee728b)
Start importing Assets/Assets/TileSets/Ground.prefab using Guid(3d0976e6498f96640b3cc1dd18d1e177) Importer(815301076,1909f56bfc062723c751e8b465ee728b) (PreviewImporter) -> (artifact id: '026e2095a7e4a15c9532b96273e9e367') in 0.0075263 seconds
Number of updated asset objects reloaded before import = 0Number of asset objects unloaded after import = 10

========================================================================
Received Import Request.
  Time since last request: 3.922334 seconds.
  path: Assets/Assets/TileSets/Ground.prefab
  artifactKey: Guid(3d0976e6498f96640b3cc1dd18d1e177) Importer(2089858483,b0f066a214c2f5e87bad3c948f4d605d)
Start importing Assets/Assets/TileSets/Ground.prefab using Guid(3d0976e6498f96640b3cc1dd18d1e177) Importer(2089858483,b0f066a214c2f5e87bad3c948f4d605d) (ScriptedImporter) -> (artifact id: '59ce842ca4e6ec03355bff1a9b29be86') in 0.0151425 seconds
Number of updated asset objects reloaded before import = 0Number of asset objects unloaded after import = 10

========================================================================
Received Import Request.
  Time since last request: 140.829127 seconds.
  path: Assets/Assets/World/the platforms.png
  artifactKey: Guid(12252a6813219e144afcbe5b2d005e0a) Importer(815301076,1909f56bfc062723c751e8b465ee728b)
Start importing Assets/Assets/World/the platforms.png using Guid(12252a6813219e144afcbe5b2d005e0a) Importer(815301076,1909f56bfc062723c751e8b465ee728b) (PreviewImporter) -> (artifact id: '3affb684e2dc0bea6a1486dd8438b734') in 0.0761257 seconds
Number of updated asset objects reloaded before import = 0Number of asset objects unloaded after import = 18

========================================================================
Received Import Request.
  Time since last request: 0.880180 seconds.
  path: Assets/Assets/World/the platforms.png
  artifactKey: Guid(12252a6813219e144afcbe5b2d005e0a) Importer(2089858483,b0f066a214c2f5e87bad3c948f4d605d)
Start importing Assets/Assets/World/the platforms.png using Guid(12252a6813219e144afcbe5b2d005e0a) Importer(2089858483,b0f066a214c2f5e87bad3c948f4d605d) (ScriptedImporter) -> (artifact id: 'a420d298888700ddb79a26c595e518d5') in 0.027359 seconds
Number of updated asset objects reloaded before import = 0Number of asset objects unloaded after import = 18

========================================================================
Received Import Request.
  Time since last request: 20.237071 seconds.
  path: Assets/Assets/World/assets.png
  artifactKey: Guid(eb002fe61bf289544b9e150d76798744) Importer(815301076,1909f56bfc062723c751e8b465ee728b)
Start importing Assets/Assets/World/assets.png using Guid(eb002fe61bf289544b9e150d76798744) Importer(815301076,1909f56bfc062723c751e8b465ee728b) (PreviewImporter) -> (artifact id: 'a7044ebff1015e296153177423aae7b2') in 0.2580801 seconds
Number of updated asset objects reloaded before import = 0Number of asset objects unloaded after import = 49

========================================================================
Received Import Request.
  Time since last request: 0.680235 seconds.
  path: Assets/Assets/World/assets.png
  artifactKey: Guid(eb002fe61bf289544b9e150d76798744) Importer(2089858483,b0f066a214c2f5e87bad3c948f4d605d)
Start importing Assets/Assets/World/assets.png using Guid(eb002fe61bf289544b9e150d76798744) Importer(2089858483,b0f066a214c2f5e87bad3c948f4d605d) (ScriptedImporter) -> (artifact id: '93f9b84636a9e198be948b2f0059445a') in 0.0384789 seconds
Number of updated asset objects reloaded before import = 0Number of asset objects unloaded after import = 49

========================================================================
Received Import Request.
  Time since last request: 83.324204 seconds.
  path: Assets/Assets/TileSets/assets_17.asset
  artifactKey: Guid(886c15832ac560842a2c65bf41e2a1f4) Importer(2089858483,b0f066a214c2f5e87bad3c948f4d605d)
Start importing Assets/Assets/TileSets/assets_17.asset using Guid(886c15832ac560842a2c65bf41e2a1f4) Importer(2089858483,b0f066a214c2f5e87bad3c948f4d605d) (ScriptedImporter) -> (artifact id: '29673a55c6a1e6b93bace2e1283c611d') in 0.0203513 seconds
Number of updated asset objects reloaded before import = 0Number of asset objects unloaded after import = 2

========================================================================
Received Import Request.
  Time since last request: 0.000027 seconds.
  path: Assets/Assets/TileSets/assets_29.asset
  artifactKey: Guid(cace1edb22c9275448a7fdc0021f36ac) Importer(2089858483,b0f066a214c2f5e87bad3c948f4d605d)
Start importing Assets/Assets/TileSets/assets_29.asset using Guid(cace1edb22c9275448a7fdc0021f36ac) Importer(2089858483,b0f066a214c2f5e87bad3c948f4d605d) (ScriptedImporter) -> (artifact id: '3029ec3af97a44d63ee2db2c3ba0f771') in 0.0147142 seconds
Number of updated asset objects reloaded before import = 0Number of asset objects unloaded after import = 2

========================================================================
Received Import Request.
  Time since last request: 0.000038 seconds.
  path: Assets/Assets/TileSets/assets_4.asset
  artifactKey: Guid(ca01a7bdb6775004187da910093efe83) Importer(2089858483,b0f066a214c2f5e87bad3c948f4d605d)
Start importing Assets/Assets/TileSets/assets_4.asset using Guid(ca01a7bdb6775004187da910093efe83) Importer(2089858483,b0f066a214c2f5e87bad3c948f4d605d) (ScriptedImporter) -> (artifact id: '7f5f52bac747b0277ef830ac5aa8055e') in 0.0183386 seconds
Number of updated asset objects reloaded before import = 0Number of asset objects unloaded after import = 2

========================================================================
Received Import Request.
  Time since last request: 0.000047 seconds.
  path: Assets/Assets/TileSets/assets_42.asset
  artifactKey: Guid(8e0949c4887e0154e906a9aec975aac2) Importer(2089858483,b0f066a214c2f5e87bad3c948f4d605d)
Start importing Assets/Assets/TileSets/assets_42.asset using Guid(8e0949c4887e0154e906a9aec975aac2) Importer(2089858483,b0f066a214c2f5e87bad3c948f4d605d) (ScriptedImporter) -> (artifact id: 'e2bc8bb7a6ef9106fc42b109af3f7591') in 0.0159315 seconds
Number of updated asset objects reloaded before import = 0Number of asset objects unloaded after import = 2

========================================================================
Received Import Request.
  Time since last request: 0.000024 seconds.
  path: Assets/Assets/TileSets/assets_43.asset
  artifactKey: Guid(18fcb0255efd33b46a52f29f10e92a05) Importer(2089858483,b0f066a214c2f5e87bad3c948f4d605d)
Start importing Assets/Assets/TileSets/assets_43.asset using Guid(18fcb0255efd33b46a52f29f10e92a05) Importer(2089858483,b0f066a214c2f5e87bad3c948f4d605d) (ScriptedImporter) -> (artifact id: '36b1e1c55fb7ad331e10e385d290d88f') in 0.0168324 seconds
Number of updated asset objects reloaded before import = 0Number of asset objects unloaded after import = 2

========================================================================
Received Import Request.
  Time since last request: 0.000028 seconds.
  path: Assets/Assets/TileSets/assets_30.asset
  artifactKey: Guid(613b6de0efcc7a646b781dd16da5b183) Importer(2089858483,b0f066a214c2f5e87bad3c948f4d605d)
Start importing Assets/Assets/TileSets/assets_30.asset using Guid(613b6de0efcc7a646b781dd16da5b183) Importer(2089858483,b0f066a214c2f5e87bad3c948f4d605d) (ScriptedImporter) -> (artifact id: '53a77ef61ea796d9c173feb6ab065a2b') in 0.01849 seconds
Number of updated asset objects reloaded before import = 0Number of asset objects unloaded after import = 2

========================================================================
Received Import Request.
  Time since last request: 0.000021 seconds.
  path: Assets/Assets/TileSets/assets_34.asset
  artifactKey: Guid(1e817bf456aa6e4499c908b16823b9e8) Importer(2089858483,b0f066a214c2f5e87bad3c948f4d605d)
Start importing Assets/Assets/TileSets/assets_34.asset using Guid(1e817bf456aa6e4499c908b16823b9e8) Importer(2089858483,b0f066a214c2f5e87bad3c948f4d605d) (ScriptedImporter) -> (artifact id: '951851cb2e713bd8391e5462c7b7efe0') in 0.015061 seconds
Number of updated asset objects reloaded before import = 0Number of asset objects unloaded after import = 2

========================================================================
Received Import Request.
  Time since last request: 0.000026 seconds.
  path: Assets/Assets/TileSets/assets_15.asset
  artifactKey: Guid(88447177e2775b34f838104b38c5becf) Importer(2089858483,b0f066a214c2f5e87bad3c948f4d605d)
Start importing Assets/Assets/TileSets/assets_15.asset using Guid(88447177e2775b34f838104b38c5becf) Importer(2089858483,b0f066a214c2f5e87bad3c948f4d605d) (ScriptedImporter) -> (artifact id: 'f114070a6a70a73fffde96885c2a26eb') in 0.0178479 seconds
Number of updated asset objects reloaded before import = 0Number of asset objects unloaded after import = 2

========================================================================
Received Import Request.
  Time since last request: 0.000034 seconds.
  path: Assets/Assets/TileSets/assets_25.asset
  artifactKey: Guid(e598d55c2b5f3bb4ea3dba134a9b02e8) Importer(2089858483,b0f066a214c2f5e87bad3c948f4d605d)
Start importing Assets/Assets/TileSets/assets_25.asset using Guid(e598d55c2b5f3bb4ea3dba134a9b02e8) Importer(2089858483,b0f066a214c2f5e87bad3c948f4d605d) (ScriptedImporter) -> (artifact id: '5b0e5aea2cd38e969269c1bffce1cdd8') in 0.0159206 seconds
Number of updated asset objects reloaded before import = 0Number of asset objects unloaded after import = 2

========================================================================
Received Import Request.
  Time since last request: 0.000031 seconds.
  path: Assets/Assets/TileSets/assets_23.asset
  artifactKey: Guid(cb9b84a44ecb911498eb811d3f249176) Importer(2089858483,b0f066a214c2f5e87bad3c948f4d605d)
Start importing Assets/Assets/TileSets/assets_23.asset using Guid(cb9b84a44ecb911498eb811d3f249176) Importer(2089858483,b0f066a214c2f5e87bad3c948f4d605d) (ScriptedImporter) -> (artifact id: '602fce68d8f60bd801c5dff6cd3f9d8b') in 0.016758 seconds
Number of updated asset objects reloaded before import = 0Number of asset objects unloaded after import = 2

========================================================================
Received Import Request.
  Time since last request: 0.000019 seconds.
  path: Assets/Assets/TileSets/assets_6.asset
  artifactKey: Guid(56a0afd36ffe7be40ae7b00bc87f7b86) Importer(2089858483,b0f066a214c2f5e87bad3c948f4d605d)
Start importing Assets/Assets/TileSets/assets_6.asset using Guid(56a0afd36ffe7be40ae7b00bc87f7b86) Importer(2089858483,b0f066a214c2f5e87bad3c948f4d605d) (ScriptedImporter) -> (artifact id: '2299cd3516f73423313617700cecf84d') in 0.0169866 seconds
Number of updated asset objects reloaded before import = 0Number of asset objects unloaded after import = 2

========================================================================
Received Import Request.
  Time since last request: 0.000020 seconds.
  path: Assets/Assets/TileSets/assets_26.asset
  artifactKey: Guid(361fb4b069350d34fbfcbce0176acf6c) Importer(2089858483,b0f066a214c2f5e87bad3c948f4d605d)
Start importing Assets/Assets/TileSets/assets_26.asset using Guid(361fb4b069350d34fbfcbce0176acf6c) Importer(2089858483,b0f066a214c2f5e87bad3c948f4d605d) (ScriptedImporter) -> (artifact id: 'fcf75b09133e5c6a31c262f6dacfe8e9') in 0.016096 seconds
Number of updated asset objects reloaded before import = 0Number of asset objects unloaded after import = 2

========================================================================
Received Import Request.
  Time since last request: 0.000024 seconds.
  path: Assets/Assets/TileSets/assets_45.asset
  artifactKey: Guid(6a34a69da12a0ba4f8b9793d8d9b0500) Importer(2089858483,b0f066a214c2f5e87bad3c948f4d605d)
Start importing Assets/Assets/TileSets/assets_45.asset using Guid(6a34a69da12a0ba4f8b9793d8d9b0500) Importer(2089858483,b0f066a214c2f5e87bad3c948f4d605d) (ScriptedImporter) -> (artifact id: 'dfe2d3ddac70b591ebfda2ffe251bb82') in 0.0186787 seconds
Number of updated asset objects reloaded before import = 0Number of asset objects unloaded after import = 2

========================================================================
Received Import Request.
  Time since last request: 0.000037 seconds.
  path: Assets/Assets/TileSets/assets_9.asset
  artifactKey: Guid(271965d01427a824081e2c68a1f333b6) Importer(2089858483,b0f066a214c2f5e87bad3c948f4d605d)
Start importing Assets/Assets/TileSets/assets_9.asset using Guid(271965d01427a824081e2c68a1f333b6) Importer(2089858483,b0f066a214c2f5e87bad3c948f4d605d) (ScriptedImporter) -> (artifact id: 'a92d46b1c21f56e35af678dae633c94f') in 0.0157289 seconds
Number of updated asset objects reloaded before import = 0Number of asset objects unloaded after import = 2

========================================================================
Received Import Request.
  Time since last request: 0.000024 seconds.
  path: Assets/Assets/TileSets/assets_5.asset
  artifactKey: Guid(5176b66b2d2a56e4092b34261a845b89) Importer(2089858483,b0f066a214c2f5e87bad3c948f4d605d)
Start importing Assets/Assets/TileSets/assets_5.asset using Guid(5176b66b2d2a56e4092b34261a845b89) Importer(2089858483,b0f066a214c2f5e87bad3c948f4d605d) (ScriptedImporter) -> (artifact id: '598c3c8a1c5b264317c3af7116530898') in 0.0147471 seconds
Number of updated asset objects reloaded before import = 0Number of asset objects unloaded after import = 2

========================================================================
Received Import Request.
  Time since last request: 0.000024 seconds.
  path: Assets/Assets/TileSets/assets_27.asset
  artifactKey: Guid(38e2a18c0ea0caf46adb7befad46a891) Importer(2089858483,b0f066a214c2f5e87bad3c948f4d605d)
Start importing Assets/Assets/TileSets/assets_27.asset using Guid(38e2a18c0ea0caf46adb7befad46a891) Importer(2089858483,b0f066a214c2f5e87bad3c948f4d605d) (ScriptedImporter) -> (artifact id: '1d62616a54bfeaaaa0dc79bc04b36ad5') in 0.0185621 seconds
Number of updated asset objects reloaded before import = 0Number of asset objects unloaded after import = 2

========================================================================
Received Import Request.
  Time since last request: 0.000036 seconds.
  path: Assets/Assets/TileSets/assets_3.asset
  artifactKey: Guid(27733f3fb3003e047aac1161839c14f7) Importer(2089858483,b0f066a214c2f5e87bad3c948f4d605d)
Start importing Assets/Assets/TileSets/assets_3.asset using Guid(27733f3fb3003e047aac1161839c14f7) Importer(2089858483,b0f066a214c2f5e87bad3c948f4d605d) (ScriptedImporter) -> (artifact id: 'cdff49b3278e56a99720e73d7953cb99') in 0.014868 seconds
Number of updated asset objects reloaded before import = 0Number of asset objects unloaded after import = 2

========================================================================
Received Import Request.
  Time since last request: 0.000027 seconds.
  path: Assets/Assets/TileSets/assets_38.asset
  artifactKey: Guid(40ebf1101b6192447a2e85ce29654281) Importer(2089858483,b0f066a214c2f5e87bad3c948f4d605d)
Start importing Assets/Assets/TileSets/assets_38.asset using Guid(40ebf1101b6192447a2e85ce29654281) Importer(2089858483,b0f066a214c2f5e87bad3c948f4d605d) (ScriptedImporter) -> (artifact id: 'f1605167ff86ebd9c48919d3cd7f53e8') in 0.0160267 seconds
Number of updated asset objects reloaded before import = 0Number of asset objects unloaded after import = 2

========================================================================
Received Import Request.
  Time since last request: 0.000065 seconds.
  path: Assets/Assets/TileSets/assets_32.asset
  artifactKey: Guid(cae6b4a3aebda2740839f60f78ca2b38) Importer(2089858483,b0f066a214c2f5e87bad3c948f4d605d)
Start importing Assets/Assets/TileSets/assets_32.asset using Guid(cae6b4a3aebda2740839f60f78ca2b38) Importer(2089858483,b0f066a214c2f5e87bad3c948f4d605d) (ScriptedImporter) -> (artifact id: 'af5b5e5ad831c4dd9ba1644709dea8e9') in 0.0161822 seconds
Number of updated asset objects reloaded before import = 0Number of asset objects unloaded after import = 2

========================================================================
Received Import Request.
  Time since last request: 0.000027 seconds.
  path: Assets/Assets/TileSets/assets_8.asset
  artifactKey: Guid(58e2568e32296cd4abe776be73f3e457) Importer(2089858483,b0f066a214c2f5e87bad3c948f4d605d)
Start importing Assets/Assets/TileSets/assets_8.asset using Guid(58e2568e32296cd4abe776be73f3e457) Importer(2089858483,b0f066a214c2f5e87bad3c948f4d605d) (ScriptedImporter) -> (artifact id: 'f78416ed8522f63c442e63dce09cb239') in 0.0145981 seconds
Number of updated asset objects reloaded before import = 0Number of asset objects unloaded after import = 2

========================================================================
Received Import Request.
  Time since last request: 0.000020 seconds.
  path: Assets/Assets/TileSets/assets_28.asset
  artifactKey: Guid(a31f0adf37c19064ea5768b3e4c18aa8) Importer(2089858483,b0f066a214c2f5e87bad3c948f4d605d)
Start importing Assets/Assets/TileSets/assets_28.asset using Guid(a31f0adf37c19064ea5768b3e4c18aa8) Importer(2089858483,b0f066a214c2f5e87bad3c948f4d605d) (ScriptedImporter) -> (artifact id: '98e60800dc8f4ddba1993ccc3f451ae8') in 0.0169782 seconds
Number of updated asset objects reloaded before import = 0Number of asset objects unloaded after import = 2

========================================================================
Received Import Request.
  Time since last request: 0.000021 seconds.
  path: Assets/Assets/TileSets/assets_12.asset
  artifactKey: Guid(4c4751c6d665a8a468070c46c39d7809) Importer(2089858483,b0f066a214c2f5e87bad3c948f4d605d)
Start importing Assets/Assets/TileSets/assets_12.asset using Guid(4c4751c6d665a8a468070c46c39d7809) Importer(2089858483,b0f066a214c2f5e87bad3c948f4d605d) (ScriptedImporter) -> (artifact id: '2cc8bcf802865dea63c5eeca7bf36051') in 0.016283 seconds
Number of updated asset objects reloaded before import = 0Number of asset objects unloaded after import = 2

========================================================================
Received Import Request.
  Time since last request: 0.000020 seconds.
  path: Assets/Assets/TileSets/assets_7.asset
  artifactKey: Guid(0d13e2611e1c9e443bff19ba18382444) Importer(2089858483,b0f066a214c2f5e87bad3c948f4d605d)
Start importing Assets/Assets/TileSets/assets_7.asset using Guid(0d13e2611e1c9e443bff19ba18382444) Importer(2089858483,b0f066a214c2f5e87bad3c948f4d605d) (ScriptedImporter) -> (artifact id: 'dcee8e140b0f22665323ef5b29b63104') in 0.01667 seconds
Number of updated asset objects reloaded before import = 0Number of asset objects unloaded after import = 2

========================================================================
Received Import Request.
  Time since last request: 0.000030 seconds.
  path: Assets/Assets/TileSets/assets_33.asset
  artifactKey: Guid(1fb0d39eaac2e0a4b966c5161511da61) Importer(2089858483,b0f066a214c2f5e87bad3c948f4d605d)
Start importing Assets/Assets/TileSets/assets_33.asset using Guid(1fb0d39eaac2e0a4b966c5161511da61) Importer(2089858483,b0f066a214c2f5e87bad3c948f4d605d) (ScriptedImporter) -> (artifact id: '4a9e59f73afdab6b134f5ee1e6ae3511') in 0.0143958 seconds
Number of updated asset objects reloaded before import = 0Number of asset objects unloaded after import = 2

========================================================================
Received Import Request.
  Time since last request: 23.680026 seconds.
  path: Assets/Assets/World/assets.png
  artifactKey: Guid(eb002fe61bf289544b9e150d76798744) Importer(815301076,1909f56bfc062723c751e8b465ee728b)
Start importing Assets/Assets/World/assets.png using Guid(eb002fe61bf289544b9e150d76798744) Importer(815301076,1909f56bfc062723c751e8b465ee728b) (PreviewImporter) -> (artifact id: '22f2a473ac984a556c8a7ee542f2414e') in 0.2187938 seconds
Number of updated asset objects reloaded before import = 0Number of asset objects unloaded after import = 49

========================================================================
Received Import Request.
  Time since last request: 0.711451 seconds.
  path: Assets/Assets/World/assets.png
  artifactKey: Guid(eb002fe61bf289544b9e150d76798744) Importer(2089858483,b0f066a214c2f5e87bad3c948f4d605d)
Start importing Assets/Assets/World/assets.png using Guid(eb002fe61bf289544b9e150d76798744) Importer(2089858483,b0f066a214c2f5e87bad3c948f4d605d) (ScriptedImporter) -> (artifact id: '3c6621c1613d3031d35399e5e51c0975') in 0.0365879 seconds
Number of updated asset objects reloaded before import = 0Number of asset objects unloaded after import = 49

========================================================================
Received Import Request.
  Time since last request: 13.159694 seconds.
  path: Assets/Background.prefab
  artifactKey: Guid(d6437f78b282cd946b99afaf4d86b322) Importer(2089858483,b0f066a214c2f5e87bad3c948f4d605d)
Start importing Assets/Background.prefab using Guid(d6437f78b282cd946b99afaf4d86b322) Importer(2089858483,b0f066a214c2f5e87bad3c948f4d605d) (ScriptedImporter) -> (artifact id: 'a5eddc182db70688e5ccc182566a584c') in 0.0176624 seconds
Number of updated asset objects reloaded before import = 0Number of asset objects unloaded after import = 10

========================================================================
Received Import Request.
  Time since last request: 30.965428 seconds.
  path: Assets/Assets/World/assets.png
  artifactKey: Guid(eb002fe61bf289544b9e150d76798744) Importer(815301076,1909f56bfc062723c751e8b465ee728b)
Start importing Assets/Assets/World/assets.png using Guid(eb002fe61bf289544b9e150d76798744) Importer(815301076,1909f56bfc062723c751e8b465ee728b) (PreviewImporter) -> (artifact id: '397eb1c89856e4a4a386c5c54be3b253') in 0.1873005 seconds
Number of updated asset objects reloaded before import = 0Number of asset objects unloaded after import = 49

========================================================================
Received Import Request.
  Time since last request: 0.728044 seconds.
  path: Assets/Assets/World/assets.png
  artifactKey: Guid(eb002fe61bf289544b9e150d76798744) Importer(2089858483,b0f066a214c2f5e87bad3c948f4d605d)
Start importing Assets/Assets/World/assets.png using Guid(eb002fe61bf289544b9e150d76798744) Importer(2089858483,b0f066a214c2f5e87bad3c948f4d605d) (ScriptedImporter) -> (artifact id: '863fc42dd6a07c9ce55dd6b0d85fa444') in 0.0354735 seconds
Number of updated asset objects reloaded before import = 0Number of asset objects unloaded after import = 49

========================================================================
Received Import Request.
  Time since last request: 13.633543 seconds.
  path: Assets/Background.prefab
  artifactKey: Guid(d6437f78b282cd946b99afaf4d86b322) Importer(2089858483,b0f066a214c2f5e87bad3c948f4d605d)
Start importing Assets/Background.prefab using Guid(d6437f78b282cd946b99afaf4d86b322) Importer(2089858483,b0f066a214c2f5e87bad3c948f4d605d) (ScriptedImporter) -> (artifact id: '5a4bf8f78ca97fc307cdea7d9a944943') in 0.0166253 seconds
Number of updated asset objects reloaded before import = 0Number of asset objects unloaded after import = 10

========================================================================
Received Import Request.
  Time since last request: 75.393328 seconds.
  path: Packages/com.unity.2d.tilemap/package.json
  artifactKey: Guid(51797d68d3132bb419217a229e09fc47) Importer(815301076,1909f56bfc062723c751e8b465ee728b)
Start importing Packages/com.unity.2d.tilemap/package.json using Guid(51797d68d3132bb419217a229e09fc47) Importer(815301076,1909f56bfc062723c751e8b465ee728b) (PreviewImporter) -> (artifact id: '4e837965ec98076e147797d6c35de261') in 0.0016947 seconds
Number of updated asset objects reloaded before import = 0Number of asset objects unloaded after import = 1

========================================================================
Received Import Request.
  Time since last request: 4.717586 seconds.
  path: Assets/Assets/TileSets/assets_0.asset
  artifactKey: Guid(1fcf8aa2bcfb5cb448c0c3d94d65e995) Importer(815301076,1909f56bfc062723c751e8b465ee728b)
Start importing Assets/Assets/TileSets/assets_0.asset using Guid(1fcf8aa2bcfb5cb448c0c3d94d65e995) Importer(815301076,1909f56bfc062723c751e8b465ee728b) (PreviewImporter) -> (artifact id: '7933fcb37d5964a147c2efdd911a2bf7') in 0.0212828 seconds
Number of updated asset objects reloaded before import = 0Number of asset objects unloaded after import = 3

========================================================================
Received Import Request.
  Time since last request: 0.000023 seconds.
  path: Assets/Assets/TileSets/assets_28.asset
  artifactKey: Guid(a31f0adf37c19064ea5768b3e4c18aa8) Importer(815301076,1909f56bfc062723c751e8b465ee728b)
Start importing Assets/Assets/TileSets/assets_28.asset using Guid(a31f0adf37c19064ea5768b3e4c18aa8) Importer(815301076,1909f56bfc062723c751e8b465ee728b) (PreviewImporter) -> (artifact id: '5f000773b2d6f744696516be91ab75cd') in 0.0176605 seconds
Number of updated asset objects reloaded before import = 0Number of asset objects unloaded after import = 3

========================================================================
Received Import Request.
  Time since last request: 0.000026 seconds.
  path: Assets/Assets/TileSets/assets_4.asset
  artifactKey: Guid(ca01a7bdb6775004187da910093efe83) Importer(815301076,1909f56bfc062723c751e8b465ee728b)
Start importing Assets/Assets/TileSets/assets_4.asset using Guid(ca01a7bdb6775004187da910093efe83) Importer(815301076,1909f56bfc062723c751e8b465ee728b) (PreviewImporter) -> (artifact id: '6d76e654c22a74663be4e3c1a18c12d9') in 0.0191816 seconds
Number of updated asset objects reloaded before import = 0Number of asset objects unloaded after import = 3

========================================================================
Received Import Request.
  Time since last request: 0.000032 seconds.
  path: Assets/Assets/TileSets/assets_45.asset
  artifactKey: Guid(6a34a69da12a0ba4f8b9793d8d9b0500) Importer(815301076,1909f56bfc062723c751e8b465ee728b)
Start importing Assets/Assets/TileSets/assets_45.asset using Guid(6a34a69da12a0ba4f8b9793d8d9b0500) Importer(815301076,1909f56bfc062723c751e8b465ee728b) (PreviewImporter) -> (artifact id: 'f4d9b7fd1f5eefa3161f4af1961e6747') in 0.0146851 seconds
Number of updated asset objects reloaded before import = 0Number of asset objects unloaded after import = 3

========================================================================
Received Import Request.
  Time since last request: 0.000025 seconds.
  path: Assets/Assets/TileSets/assets_8.asset
  artifactKey: Guid(58e2568e32296cd4abe776be73f3e457) Importer(815301076,1909f56bfc062723c751e8b465ee728b)
Start importing Assets/Assets/TileSets/assets_8.asset using Guid(58e2568e32296cd4abe776be73f3e457) Importer(815301076,1909f56bfc062723c751e8b465ee728b) (PreviewImporter) -> (artifact id: 'c50819afc5526bd5f9d271f601b6d784') in 0.0162104 seconds
Number of updated asset objects reloaded before import = 0Number of asset objects unloaded after import = 3

========================================================================
Received Import Request.
  Time since last request: 0.000026 seconds.
  path: Assets/Assets/TileSets/assets_2.asset
  artifactKey: Guid(087e4fa1a79f7bf46b8308873d5114bd) Importer(815301076,1909f56bfc062723c751e8b465ee728b)
Start importing Assets/Assets/TileSets/assets_2.asset using Guid(087e4fa1a79f7bf46b8308873d5114bd) Importer(815301076,1909f56bfc062723c751e8b465ee728b) (PreviewImporter) -> (artifact id: '1046a15077899f08f4f94819782303f8') in 0.0168714 seconds
Number of updated asset objects reloaded before import = 0Number of asset objects unloaded after import = 3

========================================================================
Received Import Request.
  Time since last request: 0.000032 seconds.
  path: Assets/Assets/TileSets/assets_35.asset
  artifactKey: Guid(9d039ff9b4e9dfc4da4f8287af8fba14) Importer(815301076,1909f56bfc062723c751e8b465ee728b)
Start importing Assets/Assets/TileSets/assets_35.asset using Guid(9d039ff9b4e9dfc4da4f8287af8fba14) Importer(815301076,1909f56bfc062723c751e8b465ee728b) (PreviewImporter) -> (artifact id: '876e4de0db266cbd5a86ee59a8d0f114') in 0.00591 seconds
Number of updated asset objects reloaded before import = 0Number of asset objects unloaded after import = 3

========================================================================
Received Import Request.
  Time since last request: 0.000027 seconds.
  path: Assets/Assets/TileSets/assets_7.asset
  artifactKey: Guid(0d13e2611e1c9e443bff19ba18382444) Importer(815301076,1909f56bfc062723c751e8b465ee728b)
Start importing Assets/Assets/TileSets/assets_7.asset using Guid(0d13e2611e1c9e443bff19ba18382444) Importer(815301076,1909f56bfc062723c751e8b465ee728b) (PreviewImporter) -> (artifact id: 'be7b7194de59d452b7183de1e61d1b67') in 0.017379 seconds
Number of updated asset objects reloaded before import = 0Number of asset objects unloaded after import = 3

========================================================================
Received Import Request.
  Time since last request: 0.000031 seconds.
  path: Assets/Assets/TileSets/assets_13.asset
  artifactKey: Guid(989b341cf06e7c34781cf0078945eb2f) Importer(815301076,1909f56bfc062723c751e8b465ee728b)
Start importing Assets/Assets/TileSets/assets_13.asset using Guid(989b341cf06e7c34781cf0078945eb2f) Importer(815301076,1909f56bfc062723c751e8b465ee728b) (PreviewImporter) -> (artifact id: 'cb3dfbc40f30a8bc868d8744338ee79a') in 0.0163902 seconds
Number of updated asset objects reloaded before import = 0Number of asset objects unloaded after import = 3

========================================================================
Received Import Request.
  Time since last request: 0.000027 seconds.
  path: Assets/Assets/TileSets/assets_25.asset
  artifactKey: Guid(e598d55c2b5f3bb4ea3dba134a9b02e8) Importer(815301076,1909f56bfc062723c751e8b465ee728b)
Start importing Assets/Assets/TileSets/assets_25.asset using Guid(e598d55c2b5f3bb4ea3dba134a9b02e8) Importer(815301076,1909f56bfc062723c751e8b465ee728b) (PreviewImporter) -> (artifact id: '97bed277e9ffa719a7efdd4f3090fc30') in 0.0151316 seconds
Number of updated asset objects reloaded before import = 0Number of asset objects unloaded after import = 3

========================================================================
Received Import Request.
  Time since last request: 0.000023 seconds.
  path: Assets/Assets/TileSets/assets_37.asset
  artifactKey: Guid(27746b45e0c29804f9a40289fb70c0cb) Importer(815301076,1909f56bfc062723c751e8b465ee728b)
Start importing Assets/Assets/TileSets/assets_37.asset using Guid(27746b45e0c29804f9a40289fb70c0cb) Importer(815301076,1909f56bfc062723c751e8b465ee728b) (PreviewImporter) -> (artifact id: '62d7857824c730894c26cb3a82bdebaf') in 0.0182834 seconds
Number of updated asset objects reloaded before import = 0Number of asset objects unloaded after import = 3

========================================================================
Received Import Request.
  Time since last request: 0.000021 seconds.
  path: Assets/Assets/TileSets/assets_11.asset
  artifactKey: Guid(d3c83c168c57056498bb5f8c7b629e8b) Importer(815301076,1909f56bfc062723c751e8b465ee728b)
Start importing Assets/Assets/TileSets/assets_11.asset using Guid(d3c83c168c57056498bb5f8c7b629e8b) Importer(815301076,1909f56bfc062723c751e8b465ee728b) (PreviewImporter) -> (artifact id: '28271adeeb3cb601af48b83d6c4a422b') in 0.0160164 seconds
Number of updated asset objects reloaded before import = 0Number of asset objects unloaded after import = 3

========================================================================
Received Import Request.
  Time since last request: 0.000025 seconds.
  path: Assets/Assets/TileSets/assets_22.asset
  artifactKey: Guid(b4393a11f35d40240831cb2bb7cd7bf7) Importer(815301076,1909f56bfc062723c751e8b465ee728b)
Start importing Assets/Assets/TileSets/assets_22.asset using Guid(b4393a11f35d40240831cb2bb7cd7bf7) Importer(815301076,1909f56bfc062723c751e8b465ee728b) (PreviewImporter) -> (artifact id: 'd513f008f2998217f9307bd1b6c8b4e6') in 0.0180373 seconds
Number of updated asset objects reloaded before import = 0Number of asset objects unloaded after import = 3

========================================================================
Received Import Request.
  Time since last request: 0.000034 seconds.
  path: Assets/Assets/TileSets/assets_6.asset
  artifactKey: Guid(56a0afd36ffe7be40ae7b00bc87f7b86) Importer(815301076,1909f56bfc062723c751e8b465ee728b)
Start importing Assets/Assets/TileSets/assets_6.asset using Guid(56a0afd36ffe7be40ae7b00bc87f7b86) Importer(815301076,1909f56bfc062723c751e8b465ee728b) (PreviewImporter) -> (artifact id: '891b5b08f84933926a2b375dcd93e957') in 0.0174158 seconds
Number of updated asset objects reloaded before import = 0Number of asset objects unloaded after import = 3

========================================================================
Received Import Request.
  Time since last request: 0.000021 seconds.
  path: Assets/Assets/TileSets/assets_36.asset
  artifactKey: Guid(bf997a666d58afc4db9f8abb646bf2e0) Importer(815301076,1909f56bfc062723c751e8b465ee728b)
Start importing Assets/Assets/TileSets/assets_36.asset using Guid(bf997a666d58afc4db9f8abb646bf2e0) Importer(815301076,1909f56bfc062723c751e8b465ee728b) (PreviewImporter) -> (artifact id: 'ff903649cccfcd1fad3c3db6d8bf4cb1') in 0.005376 seconds
Number of updated asset objects reloaded before import = 0Number of asset objects unloaded after import = 3

========================================================================
Received Import Request.
  Time since last request: 0.000025 seconds.
  path: Assets/Assets/TileSets/assets_46.asset
  artifactKey: Guid(ec58d228bdbefc74ba0454543fac873b) Importer(815301076,1909f56bfc062723c751e8b465ee728b)
Start importing Assets/Assets/TileSets/assets_46.asset using Guid(ec58d228bdbefc74ba0454543fac873b) Importer(815301076,1909f56bfc062723c751e8b465ee728b) (PreviewImporter) -> (artifact id: 'e0bb0565f5c124f5930c593488a711f4') in 0.0067195 seconds
Number of updated asset objects reloaded before import = 0Number of asset objects unloaded after import = 3

========================================================================
Received Import Request.
  Time since last request: 0.000022 seconds.
  path: Assets/Assets/TileSets/assets_24.asset
  artifactKey: Guid(1eb4d910d5654e640911549f91740f58) Importer(815301076,1909f56bfc062723c751e8b465ee728b)
Start importing Assets/Assets/TileSets/assets_24.asset using Guid(1eb4d910d5654e640911549f91740f58) Importer(815301076,1909f56bfc062723c751e8b465ee728b) (PreviewImporter) -> (artifact id: '0da92db234a12c672ac345c7b3bbe33d') in 0.0154568 seconds
Number of updated asset objects reloaded before import = 0Number of asset objects unloaded after import = 3

========================================================================
Received Import Request.
  Time since last request: 0.000024 seconds.
  path: Assets/Assets/TileSets/assets_12.asset
  artifactKey: Guid(4c4751c6d665a8a468070c46c39d7809) Importer(815301076,1909f56bfc062723c751e8b465ee728b)
Start importing Assets/Assets/TileSets/assets_12.asset using Guid(4c4751c6d665a8a468070c46c39d7809) Importer(815301076,1909f56bfc062723c751e8b465ee728b) (PreviewImporter) -> (artifact id: '1dbaf396b45222051735f73e00b65cc1') in 0.01661 seconds
Number of updated asset objects reloaded before import = 0Number of asset objects unloaded after import = 3

========================================================================
Received Import Request.
  Time since last request: 0.000024 seconds.
  path: Assets/Assets/TileSets/assets_18.asset
  artifactKey: Guid(c938ec4d117cf9b4a8920efe8b5d61cf) Importer(815301076,1909f56bfc062723c751e8b465ee728b)
Start importing Assets/Assets/TileSets/assets_18.asset using Guid(c938ec4d117cf9b4a8920efe8b5d61cf) Importer(815301076,1909f56bfc062723c751e8b465ee728b) (PreviewImporter) -> (artifact id: '8cd9b127955f94ffc0631194acd0db6a') in 0.0167254 seconds
Number of updated asset objects reloaded before import = 0Number of asset objects unloaded after import = 3

========================================================================
Received Import Request.
  Time since last request: 0.000032 seconds.
  path: Assets/Assets/TileSets/assets_10.asset
  artifactKey: Guid(c258705a629bc3d4da8ea6c3b7efb43f) Importer(815301076,1909f56bfc062723c751e8b465ee728b)
Start importing Assets/Assets/TileSets/assets_10.asset using Guid(c258705a629bc3d4da8ea6c3b7efb43f) Importer(815301076,1909f56bfc062723c751e8b465ee728b) (PreviewImporter) -> (artifact id: '90693446bef6958f1e46cd1cba007cf7') in 0.0167685 seconds
Number of updated asset objects reloaded before import = 0Number of asset objects unloaded after import = 3

========================================================================
Received Import Request.
  Time since last request: 0.000031 seconds.
  path: Assets/Assets/TileSets/assets_15.asset
  artifactKey: Guid(88447177e2775b34f838104b38c5becf) Importer(815301076,1909f56bfc062723c751e8b465ee728b)
Start importing Assets/Assets/TileSets/assets_15.asset using Guid(88447177e2775b34f838104b38c5becf) Importer(815301076,1909f56bfc062723c751e8b465ee728b) (PreviewImporter) -> (artifact id: 'a327292680e08d27b9bec54ec445fb0a') in 0.0157212 seconds
Number of updated asset objects reloaded before import = 0Number of asset objects unloaded after import = 3

========================================================================
Received Import Request.
  Time since last request: 0.000022 seconds.
  path: Assets/Assets/TileSets/assets_38.asset
  artifactKey: Guid(40ebf1101b6192447a2e85ce29654281) Importer(815301076,1909f56bfc062723c751e8b465ee728b)
Start importing Assets/Assets/TileSets/assets_38.asset using Guid(40ebf1101b6192447a2e85ce29654281) Importer(815301076,1909f56bfc062723c751e8b465ee728b) (PreviewImporter) -> (artifact id: '69c447e918c2f92b2e65089cfa46a18d') in 0.0144378 seconds
Number of updated asset objects reloaded before import = 0Number of asset objects unloaded after import = 3

========================================================================
Received Import Request.
  Time since last request: 0.000025 seconds.
  path: Assets/Assets/TileSets/assets_42.asset
  artifactKey: Guid(8e0949c4887e0154e906a9aec975aac2) Importer(815301076,1909f56bfc062723c751e8b465ee728b)
Start importing Assets/Assets/TileSets/assets_42.asset using Guid(8e0949c4887e0154e906a9aec975aac2) Importer(815301076,1909f56bfc062723c751e8b465ee728b) (PreviewImporter) -> (artifact id: '3a589e29266f0eb457737cec313d000d') in 0.0168428 seconds
Number of updated asset objects reloaded before import = 0Number of asset objects unloaded after import = 3

========================================================================
Received Import Request.
  Time since last request: 0.000027 seconds.
  path: Assets/Assets/TileSets/assets_26.asset
  artifactKey: Guid(361fb4b069350d34fbfcbce0176acf6c) Importer(815301076,1909f56bfc062723c751e8b465ee728b)
Start importing Assets/Assets/TileSets/assets_26.asset using Guid(361fb4b069350d34fbfcbce0176acf6c) Importer(815301076,1909f56bfc062723c751e8b465ee728b) (PreviewImporter) -> (artifact id: '1f57e6ac60368067ee40c9f7863be802') in 0.0167665 seconds
Number of updated asset objects reloaded before import = 0Number of asset objects unloaded after import = 3

Editor requested this worker to shutdown with reason: Scaling down because of idle timeout
AssetImportWorker is now disconnected from the server
Process exiting
Exiting without the bug reporter. Application will terminate with return code 0